Archive member included to satisfy reference by file (symbol)

/home/z/esp/winmas/WROOM/clientsim/build/cxx/libcxx.a(cxx_guards.o)
                              (__cxa_guard_dummy)
/home/z/esp/winmas/WROOM/clientsim/build/cxx/libcxx.a(cxx_exception_stubs.o)
                              (__cxx_fatal_exception)
/home/z/esp/winmas/WROOM/clientsim/build/esp32/libesp32.a(cpu_start.o)
                              (call_start_cpu0)
/home/z/esp/winmas/WROOM/clientsim/build/esp32/libesp32.a(clk.o)
                              /home/z/esp/winmas/WROOM/clientsim/build/esp32/libesp32.a(cpu_start.o) (esp_clk_init)
/home/z/esp/winmas/WROOM/clientsim/build/esp32/libesp32.a(panic.o)
                              /home/z/esp/winmas/WROOM/clientsim/build/cxx/libcxx.a(cxx_guards.o) (abort)
/home/z/esp/winmas/WROOM/clientsim/build/esp32/libesp32.a(crosscore_int.o)
                              /home/z/esp/winmas/WROOM/clientsim/build/esp32/libesp32.a(cpu_start.o) (esp_crosscore_int_init)
/home/z/esp/winmas/WROOM/clientsim/build/esp32/libesp32.a(cache_err_int.o)
                              /home/z/esp/winmas/WROOM/clientsim/build/esp32/libesp32.a(cpu_start.o) (esp_cache_err_int_init)
/home/z/esp/winmas/WROOM/clientsim/build/esp32/libesp32.a(ipc.o)
                              /home/z/esp/winmas/WROOM/clientsim/build/esp32/libesp32.a(cpu_start.o) (esp_ipc_init)
/home/z/esp/winmas/WROOM/clientsim/build/esp32/libesp32.a(intr_alloc.o)
                              /home/z/esp/winmas/WROOM/clientsim/build/esp32/libesp32.a(crosscore_int.o) (esp_intr_alloc)
/home/z/esp/winmas/WROOM/clientsim/build/esp32/libesp32.a(int_wdt.o)
                              /home/z/esp/winmas/WROOM/clientsim/build/esp32/libesp32.a(cpu_start.o) (esp_int_wdt_init)
/home/z/esp/winmas/WROOM/clientsim/build/esp32/libesp32.a(esp_timer.o)
                              /home/z/esp/winmas/WROOM/clientsim/build/esp32/libesp32.a(cpu_start.o) (esp_timer_init)
/home/z/esp/winmas/WROOM/clientsim/build/esp32/libesp32.a(dport_access.o)
                              /home/z/esp/winmas/WROOM/clientsim/build/esp32/libesp32.a(cpu_start.o) (esp_dport_access_stall_other_cpu_start)
/home/z/esp/winmas/WROOM/clientsim/build/esp32/libesp32.a(brownout.o)
                              /home/z/esp/winmas/WROOM/clientsim/build/esp32/libesp32.a(cpu_start.o) (esp_brownout_init)
/home/z/esp/winmas/WROOM/clientsim/build/esp32/libesp32.a(dport_panic_highint_hdl.o)
                              (ld_include_panic_highint_hdl)
/home/z/esp/winmas/WROOM/clientsim/build/esp32/libesp32.a(system_api.o)
                              /home/z/esp/winmas/WROOM/clientsim/build/esp32/libesp32.a(panic.o) (esp_restart_noos)
/home/z/esp/winmas/WROOM/clientsim/build/esp32/libesp32.a(task_wdt.o)
                              /home/z/esp/winmas/WROOM/clientsim/build/esp32/libesp32.a(cpu_start.o) (esp_task_wdt_init)
/home/z/esp/winmas/WROOM/clientsim/build/esp32/libesp32.a(esp_timer_esp32.o)
                              /home/z/esp/winmas/WROOM/clientsim/build/esp32/libesp32.a(esp_timer.o) (esp_timer_impl_get_time)
/home/z/esp/winmas/WROOM/clientsim/build/esp32/libesp32.a(freertos_hooks.o)
                              /home/z/esp/winmas/WROOM/clientsim/build/esp32/libesp32.a(task_wdt.o) (esp_register_freertos_idle_hook_for_cpu)
/home/z/esp/esp-idf/components/esp32/libhal.a(int_asm--set_intclear.o)
                              /home/z/esp/winmas/WROOM/clientsim/build/esp32/libesp32.a(intr_alloc.o) (xthal_set_intclear)
/home/z/esp/winmas/WROOM/clientsim/build/freertos/libfreertos.a(xtensa_intr.o)
                              /home/z/esp/winmas/WROOM/clientsim/build/esp32/libesp32.a(intr_alloc.o) (xt_unhandled_interrupt)
/home/z/esp/winmas/WROOM/clientsim/build/freertos/libfreertos.a(queue.o)
                              /home/z/esp/winmas/WROOM/clientsim/build/esp32/libesp32.a(ipc.o) (xQueueGenericCreate)
/home/z/esp/winmas/WROOM/clientsim/build/freertos/libfreertos.a(list.o)
                              /home/z/esp/winmas/WROOM/clientsim/build/freertos/libfreertos.a(queue.o) (vListInitialise)
/home/z/esp/winmas/WROOM/clientsim/build/freertos/libfreertos.a(port.o)
                              /home/z/esp/winmas/WROOM/clientsim/build/esp32/libesp32.a(cpu_start.o) (port_xSchedulerRunning)
/home/z/esp/winmas/WROOM/clientsim/build/freertos/libfreertos.a(tasks.o)
                              /home/z/esp/winmas/WROOM/clientsim/build/esp32/libesp32.a(system_api.o) (vTaskSuspendAll)
/home/z/esp/winmas/WROOM/clientsim/build/freertos/libfreertos.a(timers.o)
                              /home/z/esp/winmas/WROOM/clientsim/build/freertos/libfreertos.a(tasks.o) (xTimerCreateTimerTask)
/home/z/esp/winmas/WROOM/clientsim/build/freertos/libfreertos.a(FreeRTOS-openocd.o)
                              (uxTopUsedPriority)
/home/z/esp/winmas/WROOM/clientsim/build/freertos/libfreertos.a(xtensa_context.o)
[...]
Memory Configuration

Name             Origin             Length             Attributes
iram0_0_seg      0x0000000040080000 0x0000000000020000 xr
iram0_2_seg      0x00000000400d0018 0x000000000032ffe8 xr
dram0_0_seg      0x000000003ffb0000 0x000000000002c200 rw
drom0_0_seg      0x000000003f400018 0x00000000003fffe8 r
rtc_iram_seg     0x00000000400c0000 0x0000000000002000 xrw
rtc_slow_seg     0x0000000050000000 0x0000000000001000 rw
*default*        0x0000000000000000 0xffffffffffffffff

Linker script and memory map

START GROUP
LOAD /home/z/esp/winmas/WROOM/clientsim/build/app_trace/libapp_trace.a
LOAD /home/z/esp/winmas/WROOM/clientsim/build/app_update/libapp_update.a
LOAD /home/z/esp/winmas/WROOM/clientsim/build/bootloader_support/libbootloader_support.a
LOAD /home/z/esp/winmas/WROOM/clientsim/build/bt/libbt.a
LOAD /home/z/esp/winmas/WROOM/clientsim/build/coap/libcoap.a
LOAD /home/z/esp/winmas/WROOM/clientsim/build/console/libconsole.a
LOAD /home/z/esp/winmas/WROOM/clientsim/build/cxx/libcxx.a
LOAD /home/z/esp/winmas/WROOM/clientsim/build/driver/libdriver.a
LOAD /home/z/esp/winmas/WROOM/clientsim/build/esp-tls/libesp-tls.a
LOAD /home/z/esp/winmas/WROOM/clientsim/build/esp32/libesp32.a
LOAD /home/z/esp/esp-idf/components/esp32/libhal.a
LOAD /home/z/esp/esp-idf/components/esp32/lib/libcore.a
LOAD /home/z/esp/esp-idf/components/esp32/lib/librtc.a
LOAD /home/z/esp/esp-idf/components/esp32/lib/libnet80211.a
LOAD /home/z/esp/esp-idf/components/esp32/lib/libpp.a
LOAD /home/z/esp/esp-idf/components/esp32/lib/libwpa.a
LOAD /home/z/esp/esp-idf/components/esp32/lib/libsmartconfig.a
LOAD /home/z/esp/esp-idf/components/esp32/lib/libcoexist.a
LOAD /home/z/esp/esp-idf/components/esp32/lib/libwps.a
LOAD /home/z/esp/esp-idf/components/esp32/lib/libwpa2.a
LOAD /home/z/esp/esp-idf/components/esp32/lib/libespnow.a
LOAD /home/z/esp/esp-idf/components/esp32/lib/libphy.a
LOAD /home/z/esp/esp-idf/components/esp32/lib/libmesh.a
LOAD /home/z/esp/winmas/WROOM/clientsim/build/esp_adc_cal/libesp_adc_cal.a
LOAD /home/z/esp/winmas/WROOM/clientsim/build/ethernet/libethernet.a
LOAD /home/z/esp/winmas/WROOM/clientsim/build/expat/libexpat.a
LOAD /home/z/esp/winmas/WROOM/clientsim/build/fatfs/libfatfs.a
LOAD /home/z/esp/winmas/WROOM/clientsim/build/freertos/libfreertos.a
LOAD /home/z/esp/winmas/WROOM/clientsim/build/heap/libheap.a
LOAD /home/z/esp/winmas/WROOM/clientsim/build/idf_test/libidf_test.a
LOAD /home/z/esp/winmas/WROOM/clientsim/build/jsmn/libjsmn.a
LOAD /home/z/esp/winmas/WROOM/clientsim/build/json/libjson.a
LOAD /home/z/esp/winmas/WROOM/clientsim/build/libsodium/liblibsodium.a
LOAD /home/z/esp/winmas/WROOM/clientsim/build/log/liblog.a
LOAD /home/z/esp/winmas/WROOM/clientsim/build/lwip/liblwip.a
LOAD /home/z/esp/winmas/WROOM/clientsim/build/main/libmain.a
LOAD /home/z/esp/winmas/WROOM/clientsim/build/mbedtls/libmbedtls.a
LOAD /home/z/esp/winmas/WROOM/clientsim/build/mdns/libmdns.a
LOAD /home/z/esp/winmas/WROOM/clientsim/build/micro-ecc/libmicro-ecc.a
LOAD /home/z/esp/esp-idf/components/newlib/lib/libc.a
LOAD /home/z/esp/esp-idf/components/newlib/lib/libm.a
LOAD /home/z/esp/winmas/WROOM/clientsim/build/newlib/libnewlib.a
LOAD /home/z/esp/winmas/WROOM/clientsim/build/nghttp/libnghttp.a
LOAD /home/z/esp/winmas/WROOM/clientsim/build/nvs_flash/libnvs_flash.a
LOAD /home/z/esp/winmas/WROOM/clientsim/build/openssl/libopenssl.a
LOAD /home/z/esp/winmas/WROOM/clientsim/build/pthread/libpthread.a
LOAD /home/z/esp/winmas/WROOM/clientsim/build/sdmmc/libsdmmc.a
LOAD /home/z/esp/esp-idf/components/esp32/lib/libsmartconfig.a
LOAD /home/z/esp/winmas/WROOM/clientsim/build/soc/libsoc.a
LOAD /home/z/esp/winmas/WROOM/clientsim/build/spi_flash/libspi_flash.a
LOAD /home/z/esp/winmas/WROOM/clientsim/build/spiffs/libspiffs.a
LOAD /home/z/esp/winmas/WROOM/clientsim/build/tcpip_adapter/libtcpip_adapter.a
LOAD /home/z/esp/winmas/WROOM/clientsim/build/ulp/libulp.a
LOAD /home/z/esp/winmas/WROOM/clientsim/build/vfs/libvfs.a
LOAD /home/z/esp/winmas/WROOM/clientsim/build/wear_levelling/libwear_levelling.a
LOAD /home/z/esp/winmas/WROOM/clientsim/build/wpa_supplicant/libwpa_supplicant.a
LOAD /home/z/esp/winmas/WROOM/clientsim/build/xtensa-debug-module/libxtensa-debug-module.a
LOAD /home/z/esp/xtensa-esp32-elf/bin/../lib/gcc/xtensa-esp32-elf/5.2.0/libgcc.a
LOAD /home/z/esp/xtensa-esp32-elf/bin/../lib/gcc/xtensa-esp32-elf/5.2.0/../../../../xtensa-esp32-elf/lib/libstdc++.a
LOAD /home/z/esp/xtensa-esp32-elf/bin/../lib/gcc/xtensa-esp32-elf/5.2.0/libgcov.a
END GROUP
                0x0000000040000000                _heap_end = 0x40000000

.rtc.text       0x00000000400c0000        0x0
                0x00000000400c0000                . = ALIGN (0x4)
 *(.rtc.literal .rtc.text)
 *rtc_wake_stub*.o(.literal .text .literal.* .text.*)

.rtc.data       0x0000000050000000        0x0
                0x0000000050000000                _rtc_data_start = ABSOLUTE (.)
 *(.rtc.data)
 *(.rtc.rodata)
 *rtc_wake_stub*.o(.data .rodata .data.* .rodata.* .bss .bss.*)
                0x0000000050000000                _rtc_data_end = ABSOLUTE (.)

.rtc.bss        0x0000000050000000        0x0
                0x0000000050000000                _rtc_bss_start = ABSOLUTE (.)
 *rtc_wake_stub*.o(.bss .bss.*)
 *rtc_wake_stub*.o(COMMON)
                0x0000000050000000                _rtc_bss_end = ABSOLUTE (.)

.iram0.vectors  0x0000000040080000      0x400
                0x0000000040080000                _init_start = ABSOLUTE (.)
                0x0000000000000000                . = 0x0
 *(.WindowVectors.text)
 .WindowVectors.text
                0x0000000040080000      0x16a /home/z/esp/winmas/WROOM/clientsim/build/freertos/libfreertos.a(xtensa_vectors.o)
                0x0000000040080000                _WindowOverflow4
                0x0000000040080040                _WindowUnderflow4
                0x0000000040080050                _xt_alloca_exc
                0x0000000040080080                _WindowOverflow8
                0x00000000400800c0                _WindowUnderflow8
                0x0000000040080100                _WindowOverflow12
                0x0000000040080140                _WindowUnderflow12
                0x0000000000000180                . = 0x180
 *fill*         0x000000004008016a       0x16 
 *(.Level2InterruptVector.text)
 .Level2InterruptVector.text
                0x0000000040080180        0x6 /home/z/esp/winmas/WROOM/clientsim/build/freertos/libfreertos.a(xtensa_vectors.o)
                0x0000000040080180                _Level2Vector
                0x00000000000001c0                . = 0x1c0
 *fill*         0x0000000040080186       0x3a 
 *(.Level3InterruptVector.text)
 .Level3InterruptVector.text
                0x00000000400801c0        0x6 /home/z/esp/winmas/WROOM/clientsim/build/freertos/libfreertos.a(xtensa_vectors.o)
                0x00000000400801c0                _Level3Vector
                0x0000000000000200                . = 0x200
 *fill*         0x00000000400801c6       0x3a 
 *(.Level4InterruptVector.text)
 .Level4InterruptVector.text
                0x0000000040080200        0x6 /home/z/esp/winmas/WROOM/clientsim/build/freertos/libfreertos.a(xtensa_vectors.o)
                0x0000000040080200                _Level4Vector
                0x0000000000000240                . = 0x240
 *fill*         0x0000000040080206       0x3a 
 *(.Level5InterruptVector.text)
 .Level5InterruptVector.text
                0x0000000040080240        0x6 /home/z/esp/winmas/WROOM/clientsim/build/freertos/libfreertos.a(xtensa_vectors.o)
                0x0000000040080240                _Level5Vector
                0x0000000000000280                . = 0x280
 *fill*         0x0000000040080246       0x3a 
 *(.DebugExceptionVector.text)
 .DebugExceptionVector.text
                0x0000000040080280        0x6 /home/z/esp/winmas/WROOM/clientsim/build/freertos/libfreertos.a(xtensa_vectors.o)
                0x0000000040080280                _DebugExceptionVector
                0x00000000000002c0                . = 0x2c0
 *fill*         0x0000000040080286       0x3a 
 *(.NMIExceptionVector.text)
 .NMIExceptionVector.text
                0x00000000400802c0        0x6 /home/z/esp/winmas/WROOM/clientsim/build/freertos/libfreertos.a(xtensa_vectors.o)
                0x00000000400802c0                _NMIExceptionVector
                0x0000000000000300                . = 0x300
 *fill*         0x00000000400802c6       0x3a 
 *(.KernelExceptionVector.text)
 .KernelExceptionVector.text
                0x0000000040080300        0x6 /home/z/esp/winmas/WROOM/clientsim/build/freertos/libfreertos.a(xtensa_vectors.o)
                0x0000000040080300                _KernelExceptionVector
                0x0000000000000340                . = 0x340
 *fill*         0x0000000040080306       0x3a 
 *(.UserExceptionVector.text)
 .UserExceptionVector.text
                0x0000000040080340        0x6 /home/z/esp/winmas/WROOM/clientsim/build/freertos/libfreertos.a(xtensa_vectors.o)
                0x0000000040080340                _UserExceptionVector
                0x00000000000003c0                . = 0x3c0
 *fill*         0x0000000040080346       0x7a 
 *(.DoubleExceptionVector.text)
 .DoubleExceptionVector.text
                0x00000000400803c0        0xf /home/z/esp/winmas/WROOM/clientsim/build/freertos/libfreertos.a(xtensa_vectors.o)
                0x00000000400803c0                _DoubleExceptionVector
                0x0000000000000400                . = 0x400
 *fill*         0x00000000400803cf       0x31 
 *(.*Vector.literal)
 *(.UserEnter.literal)
 *(.UserEnter.text)
                0x0000000040080400                . = ALIGN (0x10)
 *(.entry.text)
 *(.init.literal)
 *(.init)
                0x0000000040080400                _init_end = ABSOLUTE (.)
                0x0000000000000000                _iram_start = 0x0

.iram0.text     0x0000000040080400     0x8750
                0x0000000040080400                _iram_text_start = ABSOLUTE (.)
 *(.iram1 .iram1.*)
 .iram1.literal
                0x0000000040080400       0xa8 /home/z/esp/winmas/WROOM/clientsim/build/esp32/libesp32.a(cpu_start.o)
                                        0x1d4 (size before relaxing)
 .iram1.literal
                0x00000000400804a8        0xc /home/z/esp/winmas/WROOM/clientsim/build/esp32/libesp32.a(clk.o)
                                         0x18 (size before relaxing)
 .iram1.literal
                0x00000000400804b4       0x1c /home/z/esp/winmas/WROOM/clientsim/build/esp32/libesp32.a(crosscore_int.o)
                                         0x40 (size before relaxing)
 .iram1.literal
                0x00000000400804d0        0xc /home/z/esp/winmas/WROOM/clientsim/build/esp32/libesp32.a(cache_err_int.o)
                                         0x20 (size before relaxing)
 .iram1.literal
                0x00000000400804dc       0x20 /home/z/esp/winmas/WROOM/clientsim/build/esp32/libesp32.a(ipc.o)
                                         0x34 (size before relaxing)
 .iram1.literal
                0x00000000400804fc       0x20 /home/z/esp/winmas/WROOM/clientsim/build/esp32/libesp32.a(intr_alloc.o)
                                         0x7c (size before relaxing)
 .iram1.literal
                0x000000004008051c        0xc /home/z/esp/winmas/WROOM/clientsim/build/esp32/libesp32.a(int_wdt.o)
 .iram1.literal
                0x0000000040080528       0x28 /home/z/esp/winmas/WROOM/clientsim/build/esp32/libesp32.a(esp_timer.o)
                                         0x60 (size before relaxing)
 .iram1.literal
                0x0000000040080550       0x34 /home/z/esp/winmas/WROOM/clientsim/build/esp32/libesp32.a(dport_access.o)
                                         0x7c (size before relaxing)
 .iram1.literal
                0x0000000040080584       0x10 /home/z/esp/winmas/WROOM/clientsim/build/esp32/libesp32.a(dport_panic_highint_hdl.o)
                                         0x28 (size before relaxing)
 .iram1.literal
                0x0000000040080594       0x60 /home/z/esp/winmas/WROOM/clientsim/build/esp32/libesp32.a(system_api.o)
                                         0xc8 (size before relaxing)
 .iram1.literal
                0x00000000400805f4       0x58 /home/z/esp/winmas/WROOM/clientsim/build/esp32/libesp32.a(esp_timer_esp32.o)
                                         0xf0 (size before relaxing)
 .iram1.literal
                0x000000004008064c        0x4 /home/z/esp/winmas/WROOM/clientsim/build/esp32/libesp32.a(freertos_hooks.o)
 .iram1.literal
                0x0000000040080650        0x4 /home/z/esp/winmas/WROOM/clientsim/build/freertos/libfreertos.a(port.o)
 .iram1.literal
                0x0000000040080654       0x44 /home/z/esp/winmas/WROOM/clientsim/build/freertos/libfreertos.a(xtensa_vectors.o)
                                         0x68 (size before relaxing)
 .iram1.literal
                0x0000000040080698       0x58 /home/z/esp/winmas/WROOM/clientsim/build/heap/libheap.a(heap_caps.o)
                                         0xb0 (size before relaxing)
 .iram1.literal
                0x00000000400806f0       0x24 /home/z/esp/winmas/WROOM/clientsim/build/log/liblog.a(log.o)
                                         0x48 (size before relaxing)
 .iram1.literal
                0x0000000040080714        0x0 /home/z/esp/winmas/WROOM/clientsim/build/newlib/libnewlib.a(time.o)
                                         0x1c (size before relaxing)
 .iram1.literal
                0x0000000040080714        0x0 /home/z/esp/winmas/WROOM/clientsim/build/newlib/libnewlib.a(syscalls.o)
                                         0x14 (size before relaxing)
 .iram1.literal
                0x0000000040080714        0x8 /home/z/esp/winmas/WROOM/clientsim/build/newlib/libnewlib.a(reent_init.o)
                                         0x10 (size before relaxing)
 .iram1.literal
                0x000000004008071c       0x14 /home/z/esp/winmas/WROOM/clientsim/build/newlib/libnewlib.a(locks.o)
                                         0x90 (size before relaxing)
 .iram1.literal
                0x0000000040080730       0x1c /home/z/esp/winmas/WROOM/clientsim/build/soc/libsoc.a(cpu_util.o)
                                         0x30 (size before relaxing)
 .iram1.literal
                0x000000004008074c       0x50 /home/z/esp/winmas/WROOM/clientsim/build/spi_flash/libspi_flash.a(cache_utils.o)
                                        0x144 (size before relaxing)
 .iram1.literal
                0x000000004008079c       0x38 /home/z/esp/winmas/WROOM/clientsim/build/spi_flash/libspi_flash.a(flash_ops.o)
                                         0xe4 (size before relaxing)
 .iram1.literal
                0x00000000400807d4       0x4c /home/z/esp/winmas/WROOM/clientsim/build/spi_flash/libspi_flash.a(flash_mmap.o)
                                        0x108 (size before relaxing)
 .literal.xt_unhandled_interrupt
                0x0000000040080820        0x4 /home/z/esp/winmas/WROOM/clientsim/build/freertos/libfreertos.a(xtensa_intr.o)
                                          0x8 (size before relaxing)
 .literal.xt_set_interrupt_handler
                0x0000000040080824        0x8 /home/z/esp/winmas/WROOM/clientsim/build/freertos/libfreertos.a(xtensa_intr.o)
                                          0xc (size before relaxing)
 .literal.prvIsQueueFull
                0x000000004008082c        0x0 /home/z/esp/winmas/WROOM/clientsim/build/freertos/libfreertos.a(queue.o)
                                          0x8 (size before relaxing)
 .literal.prvCopyDataToQueue
                0x000000004008082c        0x0 /home/z/esp/winmas/WROOM/clientsim/build/freertos/libfreertos.a(queue.o)
                                          0xc (size before relaxing)
 .literal.prvNotifyQueueSetContainer
                0x000000004008082c       0x14 /home/z/esp/winmas/WROOM/clientsim/build/freertos/libfreertos.a(queue.o)
                                         0x2c (size before relaxing)
 .literal.prvCopyDataFromQueue
                0x0000000040080840        0x0 /home/z/esp/winmas/WROOM/clientsim/build/freertos/libfreertos.a(queue.o)
                                          0x4 (size before relaxing)
 .literal.xQueueGenericReset
                0x0000000040080840        0x4 /home/z/esp/winmas/WROOM/clientsim/build/freertos/libfreertos.a(queue.o)
                                         0x30 (size before relaxing)
 .literal.prvInitialiseNewQueue
                0x0000000040080844        0x0 /home/z/esp/winmas/WROOM/clientsim/build/freertos/libfreertos.a(queue.o)
                                          0x4 (size before relaxing)
 .literal.xQueueGenericCreate
                0x0000000040080844        0x4 /home/z/esp/winmas/WROOM/clientsim/build/freertos/libfreertos.a(queue.o)
                                         0x1c (size before relaxing)
 .literal.xQueueGetMutexHolder
                0x0000000040080848        0x0 /home/z/esp/winmas/WROOM/clientsim/build/freertos/libfreertos.a(queue.o)
                                          0x8 (size before relaxing)
 .literal.xQueueCreateCountingSemaphore
                0x0000000040080848        0x4 /home/z/esp/winmas/WROOM/clientsim/build/freertos/libfreertos.a(queue.o)
                                         0x28 (size before relaxing)
 .literal.xQueueGenericSend
                0x000000004008084c        0x4 /home/z/esp/winmas/WROOM/clientsim/build/freertos/libfreertos.a(queue.o)
                                         0x7c (size before relaxing)
 .literal.prvInitialiseMutex
                0x0000000040080850        0x0 /home/z/esp/winmas/WROOM/clientsim/build/freertos/libfreertos.a(queue.o)
                                          0x8 (size before relaxing)
 .literal.xQueueCreateMutex
                0x0000000040080850        0x0 /home/z/esp/winmas/WROOM/clientsim/build/freertos/libfreertos.a(queue.o)
                                          0x8 (size before relaxing)
 .literal.xQueueGiveMutexRecursive
                0x0000000040080850        0x4 /home/z/esp/winmas/WROOM/clientsim/build/freertos/libfreertos.a(queue.o)
                                         0x1c (size before relaxing)
 .literal.xQueueGenericSendFromISR
                0x0000000040080854        0x4 /home/z/esp/winmas/WROOM/clientsim/build/freertos/libfreertos.a(queue.o)
                                         0x3c (size before relaxing)
 .literal.xQueueGiveFromISR
                0x0000000040080858        0x4 /home/z/esp/winmas/WROOM/clientsim/build/freertos/libfreertos.a(queue.o)
                                         0x30 (size before relaxing)
 .literal.xQueueGenericReceive
                0x000000004008085c        0x4 /home/z/esp/winmas/WROOM/clientsim/build/freertos/libfreertos.a(queue.o)
                                         0x78 (size before relaxing)
 .literal.xQueueTakeMutexRecursive
                0x0000000040080860        0x4 /home/z/esp/winmas/WROOM/clientsim/build/freertos/libfreertos.a(queue.o)
                                         0x1c (size before relaxing)
 .literal.xQueueReceiveFromISR
                0x0000000040080864        0x4 /home/z/esp/winmas/WROOM/clientsim/build/freertos/libfreertos.a(queue.o)
                                         0x30 (size before relaxing)
 .literal.vQueueDelete
                0x0000000040080868        0x4 /home/z/esp/winmas/WROOM/clientsim/build/freertos/libfreertos.a(queue.o)
                                         0x18 (size before relaxing)
 .literal.vQueueWaitForMessageRestricted
                0x000000004008086c        0x0 /home/z/esp/winmas/WROOM/clientsim/build/freertos/libfreertos.a(queue.o)
                                          0xc (size before relaxing)
 .literal.pxPortInitialiseStack
                0x000000004008086c       0x10 /home/z/esp/winmas/WROOM/clientsim/build/freertos/libfreertos.a(port.o)
                                         0x18 (size before relaxing)
 .literal.xPortStartScheduler
                0x000000004008087c        0x0 /home/z/esp/winmas/WROOM/clientsim/build/freertos/libfreertos.a(port.o)
                                         0x14 (size before relaxing)
 .literal.xPortSysTickHandler
                0x000000004008087c        0x0 /home/z/esp/winmas/WROOM/clientsim/build/freertos/libfreertos.a(port.o)
                                          0x8 (size before relaxing)
 .literal.vPortYieldOtherCore
                0x000000004008087c        0x0 /home/z/esp/winmas/WROOM/clientsim/build/freertos/libfreertos.a(port.o)
                                          0x4 (size before relaxing)
 .literal.vPortReleaseTaskMPUSettings
                0x000000004008087c        0x0 /home/z/esp/winmas/WROOM/clientsim/build/freertos/libfreertos.a(port.o)
                                          0x4 (size before relaxing)
 .literal.xPortInIsrContext
                0x000000004008087c        0x0 /home/z/esp/winmas/WROOM/clientsim/build/freertos/libfreertos.a(port.o)
                                          0x8 (size before relaxing)
 .literal.vPortCPUInitializeMutex
                0x000000004008087c        0x4 /home/z/esp/winmas/WROOM/clientsim/build/freertos/libfreertos.a(port.o)
 .literal.vPortCPUAcquireMutex
                0x0000000040080880       0x1c /home/z/esp/winmas/WROOM/clientsim/build/freertos/libfreertos.a(port.o)
                                         0x30 (size before relaxing)
 .literal.vPortCPUReleaseMutex
                0x000000004008089c       0x10 /home/z/esp/winmas/WROOM/clientsim/build/freertos/libfreertos.a(port.o)
                                         0x28 (size before relaxing)
 .literal.prvResetNextTaskUnblockTime
                0x00000000400808ac        0x8 /home/z/esp/winmas/WROOM/clientsim/build/freertos/libfreertos.a(tasks.o)
 .literal.prvDeleteTLS
                0x00000000400808b4       0x10 /home/z/esp/winmas/WROOM/clientsim/build/freertos/libfreertos.a(tasks.o)
                                         0x18 (size before relaxing)
 .literal.prvInitialiseNewTask
                0x00000000400808c4        0x0 /home/z/esp/winmas/WROOM/clientsim/build/freertos/libfreertos.a(tasks.o)
                                         0x18 (size before relaxing)
 .literal.prvInitialiseTaskLists
                0x00000000400808c4       0x20 /home/z/esp/winmas/WROOM/clientsim/build/freertos/libfreertos.a(tasks.o)
                                         0x40 (size before relaxing)
 .literal.prvDeleteTCB
                0x00000000400808e4        0x8 /home/z/esp/winmas/WROOM/clientsim/build/freertos/libfreertos.a(tasks.o)
                                         0x2c (size before relaxing)
 .literal.prvAddCurrentTaskToDelayedList
                0x00000000400808ec        0x4 /home/z/esp/winmas/WROOM/clientsim/build/freertos/libfreertos.a(tasks.o)
                                         0x1c (size before relaxing)
 .literal.taskYIELD_OTHER_CORE
                0x00000000400808f0        0x0 /home/z/esp/winmas/WROOM/clientsim/build/freertos/libfreertos.a(tasks.o)
                                         0x10 (size before relaxing)
 .literal.vTaskSuspendAll
                0x00000000400808f0        0x4 /home/z/esp/winmas/WROOM/clientsim/build/freertos/libfreertos.a(tasks.o)
                                          0x8 (size before relaxing)
 .literal.xTaskGetIdleTaskHandleForCPU
                0x00000000400808f4        0xc /home/z/esp/winmas/WROOM/clientsim/build/freertos/libfreertos.a(tasks.o)
                                         0x1c (size before relaxing)
 .literal.vTaskSwitchContext
                0x0000000040080900       0x18 /home/z/esp/winmas/WROOM/clientsim/build/freertos/libfreertos.a(tasks.o)
                                         0x3c (size before relaxing)
 .literal.vTaskSetTimeOutState
                0x0000000040080918        0xc /home/z/esp/winmas/WROOM/clientsim/build/freertos/libfreertos.a(tasks.o)
                                         0x20 (size before relaxing)
 .literal.xTaskGetCurrentTaskHandle
                0x0000000040080924        0x0 /home/z/esp/winmas/WROOM/clientsim/build/freertos/libfreertos.a(tasks.o)
                                          0x8 (size before relaxing)
 .literal.__getreent
                0x0000000040080924        0x0 /home/z/esp/winmas/WROOM/clientsim/build/freertos/libfreertos.a(tasks.o)
                                          0x8 (size before relaxing)
 .literal.pcTaskGetTaskName
                0x0000000040080924        0x8 /home/z/esp/winmas/WROOM/clientsim/build/freertos/libfreertos.a(tasks.o)
                                         0x1c (size before relaxing)
 .literal.xTaskGetAffinity
                0x000000004008092c        0x0 /home/z/esp/winmas/WROOM/clientsim/build/freertos/libfreertos.a(tasks.o)
                                          0x4 (size before relaxing)
 .literal.xTaskGetCurrentTaskHandleForCPU
                0x000000004008092c        0x0 /home/z/esp/winmas/WROOM/clientsim/build/freertos/libfreertos.a(tasks.o)
                                          0x4 (size before relaxing)
 .literal.xTaskGetSchedulerState
                0x000000004008092c        0x4 /home/z/esp/winmas/WROOM/clientsim/build/freertos/libfreertos.a(tasks.o)
                                          0xc (size before relaxing)
 .literal.vTaskEnterCritical
                0x0000000040080930       0x14 /home/z/esp/winmas/WROOM/clientsim/build/freertos/libfreertos.a(tasks.o)
                                         0x34 (size before relaxing)
 .literal.vTaskExitCritical
                0x0000000040080944       0x10 /home/z/esp/winmas/WROOM/clientsim/build/freertos/libfreertos.a(tasks.o)
                                         0x30 (size before relaxing)
 .literal.prvAddNewTaskToReadyList
                0x0000000040080954       0x10 /home/z/esp/winmas/WROOM/clientsim/build/freertos/libfreertos.a(tasks.o)
                                         0x58 (size before relaxing)
 .literal.xTaskCreatePinnedToCore
                0x0000000040080964        0x0 /home/z/esp/winmas/WROOM/clientsim/build/freertos/libfreertos.a(tasks.o)
                                         0x18 (size before relaxing)
 .literal.vTaskStartScheduler
                0x0000000040080964       0x10 /home/z/esp/winmas/WROOM/clientsim/build/freertos/libfreertos.a(tasks.o)
                                         0x38 (size before relaxing)
 .literal.vTaskDelete
                0x0000000040080974        0x8 /home/z/esp/winmas/WROOM/clientsim/build/freertos/libfreertos.a(tasks.o)
                                         0x60 (size before relaxing)
 .literal.vTaskDelay
                0x000000004008097c        0x4 /home/z/esp/winmas/WROOM/clientsim/build/freertos/libfreertos.a(tasks.o)
                                         0x38 (size before relaxing)
 .literal.prvCheckTasksWaitingTermination
                0x0000000040080980        0x8 /home/z/esp/winmas/WROOM/clientsim/build/freertos/libfreertos.a(tasks.o)
                                         0x30 (size before relaxing)
 .literal.prvIdleTask
                0x0000000040080988        0x0 /home/z/esp/winmas/WROOM/clientsim/build/freertos/libfreertos.a(tasks.o)
                                          0x8 (size before relaxing)
 .literal.xTaskGetTickCount
                0x0000000040080988        0x4 /home/z/esp/winmas/WROOM/clientsim/build/freertos/libfreertos.a(tasks.o)
                                         0x10 (size before relaxing)
 .literal.xTaskIncrementTick
                0x000000004008098c        0xc /home/z/esp/winmas/WROOM/clientsim/build/freertos/libfreertos.a(tasks.o)
                                         0x78 (size before relaxing)
 .literal.xTaskResumeAll
                0x0000000040080998        0x8 /home/z/esp/winmas/WROOM/clientsim/build/freertos/libfreertos.a(tasks.o)
                                         0x5c (size before relaxing)
 .literal.vTaskPlaceOnEventList
                0x00000000400809a0        0x8 /home/z/esp/winmas/WROOM/clientsim/build/freertos/libfreertos.a(tasks.o)
                                         0x40 (size before relaxing)
 .literal.vTaskPlaceOnEventListRestricted
                0x00000000400809a8        0x8 /home/z/esp/winmas/WROOM/clientsim/build/freertos/libfreertos.a(tasks.o)
                                         0x38 (size before relaxing)
 .literal.xTaskRemoveFromEventList
                0x00000000400809b0        0x8 /home/z/esp/winmas/WROOM/clientsim/build/freertos/libfreertos.a(tasks.o)
                                         0x58 (size before relaxing)
 .literal.xTaskCheckForTimeOut
                0x00000000400809b8        0xc /home/z/esp/winmas/WROOM/clientsim/build/freertos/libfreertos.a(tasks.o)
                                         0x3c (size before relaxing)
 .literal.vTaskPriorityInherit
                0x00000000400809c4        0x0 /home/z/esp/winmas/WROOM/clientsim/build/freertos/libfreertos.a(tasks.o)
                                         0x2c (size before relaxing)
 .literal.xTaskPriorityDisinherit
                0x00000000400809c4        0x8 /home/z/esp/winmas/WROOM/clientsim/build/freertos/libfreertos.a(tasks.o)
                                         0x40 (size before relaxing)
 .literal.pvTaskIncrementMutexHeldCount
                0x00000000400809cc        0x0 /home/z/esp/winmas/WROOM/clientsim/build/freertos/libfreertos.a(tasks.o)
                                         0x10 (size before relaxing)
 .literal.prvGetNextExpireTime
                0x00000000400809cc        0x4 /home/z/esp/winmas/WROOM/clientsim/build/freertos/libfreertos.a(timers.o)
 .literal.prvInsertTimerInActiveList
                0x00000000400809d0        0x4 /home/z/esp/winmas/WROOM/clientsim/build/freertos/libfreertos.a(timers.o)
                                         0x10 (size before relaxing)
 .literal.prvCheckForValidListAndQueue
                0x00000000400809d4       0x1c /home/z/esp/winmas/WROOM/clientsim/build/freertos/libfreertos.a(timers.o)
                                         0x44 (size before relaxing)
 .literal.xTimerCreateTimerTask
                0x00000000400809f0       0x10 /home/z/esp/winmas/WROOM/clientsim/build/freertos/libfreertos.a(timers.o)
                                         0x2c (size before relaxing)
 .literal.xTimerGenericCommand
                0x0000000040080a00        0x0 /home/z/esp/winmas/WROOM/clientsim/build/freertos/libfreertos.a(timers.o)
                                         0x14 (size before relaxing)
 .literal.prvSwitchTimerLists
                0x0000000040080a00        0x4 /home/z/esp/winmas/WROOM/clientsim/build/freertos/libfreertos.a(timers.o)
                                         0x28 (size before relaxing)
 .literal.prvSampleTimeNow
                0x0000000040080a04        0x4 /home/z/esp/winmas/WROOM/clientsim/build/freertos/libfreertos.a(timers.o)
                                          0xc (size before relaxing)
 .literal.prvProcessExpiredTimer
                0x0000000040080a08        0x4 /home/z/esp/winmas/WROOM/clientsim/build/freertos/libfreertos.a(timers.o)
                                         0x24 (size before relaxing)
 .literal.prvProcessTimerOrBlockTask
                0x0000000040080a0c        0x0 /home/z/esp/winmas/WROOM/clientsim/build/freertos/libfreertos.a(timers.o)
                                         0x24 (size before relaxing)
 .literal.prvProcessReceivedCommands
                0x0000000040080a0c        0x8 /home/z/esp/winmas/WROOM/clientsim/build/freertos/libfreertos.a(timers.o)
                                         0x40 (size before relaxing)
 .literal.prvTimerTask
                0x0000000040080a14        0x0 /home/z/esp/winmas/WROOM/clientsim/build/freertos/libfreertos.a(timers.o)
                                          0xc (size before relaxing)
 .literal       0x0000000040080a14        0x0 /home/z/esp/winmas/WROOM/clientsim/build/freertos/libfreertos.a(xtensa_context.o)
                                         0x10 (size before relaxing)
 .literal       0x0000000040080a14       0x10 /home/z/esp/winmas/WROOM/clientsim/build/freertos/libfreertos.a(portasm.o)
                                         0x54 (size before relaxing)
 .literal._xt_tick_divisor_init
                0x0000000040080a24        0x4 /home/z/esp/winmas/WROOM/clientsim/build/freertos/libfreertos.a(xtensa_init.o)
                                          0xc (size before relaxing)
 .literal.get_prev_free_block
                0x0000000040080a28       0x10 /home/z/esp/winmas/WROOM/clientsim/build/heap/libheap.a(multi_heap.o)
                                         0x28 (size before relaxing)
 .literal.split_if_necessary
                0x0000000040080a38       0x10 /home/z/esp/winmas/WROOM/clientsim/build/heap/libheap.a(multi_heap.o)
                                         0x50 (size before relaxing)
 .literal.assert_valid_block
                0x0000000040080a48        0x0 /home/z/esp/winmas/WROOM/clientsim/build/heap/libheap.a(multi_heap.o)
                                         0x2c (size before relaxing)
 .literal.merge_adjacent
                0x0000000040080a48        0x8 /home/z/esp/winmas/WROOM/clientsim/build/heap/libheap.a(multi_heap.o)
                                         0x4c (size before relaxing)
 .literal.multi_heap_get_allocated_size_impl
                0x0000000040080a50        0x0 /home/z/esp/winmas/WROOM/clientsim/build/heap/libheap.a(multi_heap.o)
                                         0x10 (size before relaxing)
 .literal.multi_heap_malloc_impl
                0x0000000040080a50        0x0 /home/z/esp/winmas/WROOM/clientsim/build/heap/libheap.a(multi_heap.o)
                                         0x28 (size before relaxing)
 .literal.multi_heap_free_impl
                0x0000000040080a50        0x0 /home/z/esp/winmas/WROOM/clientsim/build/heap/libheap.a(multi_heap.o)
                                         0x50 (size before relaxing)
 .literal.multi_heap_realloc_impl
                0x0000000040080a50        0x8 /home/z/esp/winmas/WROOM/clientsim/build/heap/libheap.a(multi_heap.o)
                                         0x68 (size before relaxing)
 .literal.panicPutChar
                0x0000000040080a58        0x8 /home/z/esp/winmas/WROOM/clientsim/build/esp32/libesp32.a(panic.o)
 .literal.panicPutStr
                0x0000000040080a60        0x0 /home/z/esp/winmas/WROOM/clientsim/build/esp32/libesp32.a(panic.o)
                                          0x4 (size before relaxing)
 .literal.panicPutHex
                0x0000000040080a60        0x0 /home/z/esp/winmas/WROOM/clientsim/build/esp32/libesp32.a(panic.o)
                                          0x8 (size before relaxing)
 .literal.panicPutDec
                0x0000000040080a60        0x4 /home/z/esp/winmas/WROOM/clientsim/build/esp32/libesp32.a(panic.o)
                                         0x10 (size before relaxing)
 .literal.reconfigureAllWdts
                0x0000000040080a64       0x10 /home/z/esp/winmas/WROOM/clientsim/build/esp32/libesp32.a(panic.o)
                                         0x24 (size before relaxing)
 .literal.putEntry
                0x0000000040080a74       0x10 /home/z/esp/winmas/WROOM/clientsim/build/esp32/libesp32.a(panic.o)
                                         0x20 (size before relaxing)
 .literal.doBacktrace
                0x0000000040080a84       0x10 /home/z/esp/winmas/WROOM/clientsim/build/esp32/libesp32.a(panic.o)
                                         0x24 (size before relaxing)
 .literal.invoke_abort
                0x0000000040080a94        0x4 /home/z/esp/winmas/WROOM/clientsim/build/esp32/libesp32.a(panic.o)
                                          0x8 (size before relaxing)
 .literal.haltOtherCore
                0x0000000040080a98        0x0 /home/z/esp/winmas/WROOM/clientsim/build/esp32/libesp32.a(panic.o)
                                          0x4 (size before relaxing)
 .literal.esp_panic_wdt_start
                0x0000000040080a98       0x14 /home/z/esp/winmas/WROOM/clientsim/build/esp32/libesp32.a(panic.o)
                                         0x2c (size before relaxing)
 .literal.commonErrorHandler_dump
                0x0000000040080aac       0x30 /home/z/esp/winmas/WROOM/clientsim/build/esp32/libesp32.a(panic.o)
                                         0x90 (size before relaxing)
 .literal.esp_panic_dig_reset
                0x0000000040080adc        0x0 /home/z/esp/winmas/WROOM/clientsim/build/esp32/libesp32.a(panic.o)
                                         0x14 (size before relaxing)
 .literal.abort
                0x0000000040080adc        0x8 /home/z/esp/winmas/WROOM/clientsim/build/esp32/libesp32.a(panic.o)
                                         0x10 (size before relaxing)
 .literal.vApplicationStackOverflowHook
                0x0000000040080ae4        0x8 /home/z/esp/winmas/WROOM/clientsim/build/esp32/libesp32.a(panic.o)
                                         0x18 (size before relaxing)
 .literal.esp_panic_wdt_stop
                0x0000000040080aec        0x0 /home/z/esp/winmas/WROOM/clientsim/build/esp32/libesp32.a(panic.o)
                                         0x18 (size before relaxing)
 .literal.commonErrorHandler
                0x0000000040080aec        0x4 /home/z/esp/winmas/WROOM/clientsim/build/esp32/libesp32.a(panic.o)
                                         0x28 (size before relaxing)
 .literal.panicHandler
                0x0000000040080af0       0x34 /home/z/esp/winmas/WROOM/clientsim/build/esp32/libesp32.a(panic.o)
                                         0xa4 (size before relaxing)
 .literal.xt_unhandled_exception
                0x0000000040080b24       0x14 /home/z/esp/winmas/WROOM/clientsim/build/esp32/libesp32.a(panic.o)
                                         0x60 (size before relaxing)
 .literal._esp_error_check_failed
                0x0000000040080b38        0xc /home/z/esp/winmas/WROOM/clientsim/build/esp32/libesp32.a(panic.o)
                                         0x1c (size before relaxing)
 .literal.rtc_init
                0x0000000040080b44       0x98 /home/z/esp/winmas/WROOM/clientsim/build/soc/libsoc.a(rtc_init.o)
                                        0x100 (size before relaxing)
 .literal.rtc_clk_cal_internal
                0x0000000040080bdc       0x1c /home/z/esp/winmas/WROOM/clientsim/build/soc/libsoc.a(rtc_time.o)
                                         0x3c (size before relaxing)
 .literal.rtc_clk_cal
                0x0000000040080bf8        0x0 /home/z/esp/winmas/WROOM/clientsim/build/soc/libsoc.a(rtc_time.o)
                                          0xc (size before relaxing)
 .literal.rtc_time_get
                0x0000000040080bf8       0x10 /home/z/esp/winmas/WROOM/clientsim/build/soc/libsoc.a(rtc_time.o)
                                         0x18 (size before relaxing)
 .literal.rtc_clk_wait_for_slow_cycle
                0x0000000040080c08        0x8 /home/z/esp/winmas/WROOM/clientsim/build/soc/libsoc.a(rtc_time.o)
                                         0x20 (size before relaxing)
 .literal.rtc_clk_32k_enable_internal
                0x0000000040080c10       0x14 /home/z/esp/winmas/WROOM/clientsim/build/soc/libsoc.a(rtc_clk.o)
 .literal.rtc_clk_32k_enable
                0x0000000040080c24        0x0 /home/z/esp/winmas/WROOM/clientsim/build/soc/libsoc.a(rtc_clk.o)
                                          0xc (size before relaxing)
 .literal.rtc_clk_32k_bootstrap
                0x0000000040080c24        0xc /home/z/esp/winmas/WROOM/clientsim/build/soc/libsoc.a(rtc_clk.o)
                                         0x34 (size before relaxing)
 .literal.rtc_clk_slow_freq_set
                0x0000000040080c30        0x0 /home/z/esp/winmas/WROOM/clientsim/build/soc/libsoc.a(rtc_clk.o)
                                          0xc (size before relaxing)
 .literal.rtc_clk_slow_freq_get
                0x0000000040080c30        0x0 /home/z/esp/winmas/WROOM/clientsim/build/soc/libsoc.a(rtc_clk.o)
                                          0x4 (size before relaxing)
 .literal.rtc_clk_slow_freq_get_hz
                0x0000000040080c30        0x0 /home/z/esp/winmas/WROOM/clientsim/build/soc/libsoc.a(rtc_clk.o)
                                         0x10 (size before relaxing)
 .literal.rtc_clk_fast_freq_set
                0x0000000040080c30        0x0 /home/z/esp/winmas/WROOM/clientsim/build/soc/libsoc.a(rtc_clk.o)
                                          0xc (size before relaxing)
 .literal.rtc_clk_bbpll_set
                0x0000000040080c30        0x8 /home/z/esp/winmas/WROOM/clientsim/build/soc/libsoc.a(rtc_clk.o)
                                         0x38 (size before relaxing)
 .literal.rtc_clk_xtal_freq_get
                0x0000000040080c38        0xc /home/z/esp/winmas/WROOM/clientsim/build/soc/libsoc.a(rtc_clk.o)
                                         0x1c (size before relaxing)
 .literal.rtc_clk_cpu_freq_get
                0x0000000040080c44       0x14 /home/z/esp/winmas/WROOM/clientsim/build/soc/libsoc.a(rtc_clk.o)
                                         0x30 (size before relaxing)
 .literal.rtc_clk_cpu_freq_value
                0x0000000040080c58       0x1c /home/z/esp/winmas/WROOM/clientsim/build/soc/libsoc.a(rtc_clk.o)
                                         0x2c (size before relaxing)
 .literal.rtc_clk_apb_freq_update
                0x0000000040080c74        0x4 /home/z/esp/winmas/WROOM/clientsim/build/soc/libsoc.a(rtc_clk.o)
                                          0x8 (size before relaxing)
 .literal.rtc_clk_cpu_freq_set
                0x0000000040080c78       0x14 /home/z/esp/winmas/WROOM/clientsim/build/soc/libsoc.a(rtc_clk.o)
                                         0x98 (size before relaxing)
 .literal.rtc_clk_apb_freq_get
                0x0000000040080c8c        0x8 /home/z/esp/winmas/WROOM/clientsim/build/soc/libsoc.a(rtc_clk.o)
                                         0x14 (size before relaxing)
 .literal       0x0000000040080c94        0x0 /home/z/esp/esp-idf/components/esp32/libhal.a(windowspill_asm.o)
                                          0x4 (size before relaxing)
 .literal.esp_rom_spiflash_read_status
                0x0000000040080c94       0x10 /home/z/esp/winmas/WROOM/clientsim/build/spi_flash/libspi_flash.a(spi_flash_rom_patch.o)
                                         0x14 (size before relaxing)
 .literal.esp_rom_spiflash_wait_idle
                0x0000000040080ca4        0x8 /home/z/esp/winmas/WROOM/clientsim/build/spi_flash/libspi_flash.a(spi_flash_rom_patch.o)
                                          0xc (size before relaxing)
 .literal.esp_rom_spiflash_erase_block_internal
                0x0000000040080cac        0x4 /home/z/esp/winmas/WROOM/clientsim/build/spi_flash/libspi_flash.a(spi_flash_rom_patch.o)
                                         0x18 (size before relaxing)
 .literal.esp_rom_spiflash_erase_sector_internal
                0x0000000040080cb0        0x0 /home/z/esp/winmas/WROOM/clientsim/build/spi_flash/libspi_flash.a(spi_flash_rom_patch.o)
                                         0x18 (size before relaxing)
 .literal.esp_rom_spiflash_read_data
                0x0000000040080cb0       0x18 /home/z/esp/winmas/WROOM/clientsim/build/spi_flash/libspi_flash.a(spi_flash_rom_patch.o)
                                         0x34 (size before relaxing)
 .literal.esp_rom_spiflash_enable_write
                0x0000000040080cc8        0x0 /home/z/esp/winmas/WROOM/clientsim/build/spi_flash/libspi_flash.a(spi_flash_rom_patch.o)
                                         0x10 (size before relaxing)
 .literal.esp_rom_spiflash_program_page_internal
                0x0000000040080cc8       0x10 /home/z/esp/winmas/WROOM/clientsim/build/spi_flash/libspi_flash.a(spi_flash_rom_patch.o)
                                         0x40 (size before relaxing)
 .literal.esp_rom_spiflash_read_statushigh
                0x0000000040080cd8        0x4 /home/z/esp/winmas/WROOM/clientsim/build/spi_flash/libspi_flash.a(spi_flash_rom_patch.o)
                                          0xc (size before relaxing)
 .literal.esp_rom_spiflash_write_status
                0x0000000040080cdc        0x4 /home/z/esp/winmas/WROOM/clientsim/build/spi_flash/libspi_flash.a(spi_flash_rom_patch.o)
                                         0x14 (size before relaxing)
 .literal.esp_rom_spiflash_unlock
                0x0000000040080ce0        0x8 /home/z/esp/winmas/WROOM/clientsim/build/spi_flash/libspi_flash.a(spi_flash_rom_patch.o)
                                         0x28 (size before relaxing)
 .literal.esp_rom_spiflash_erase_block
                0x0000000040080ce8        0xc /home/z/esp/winmas/WROOM/clientsim/build/spi_flash/libspi_flash.a(spi_flash_rom_patch.o)
                                         0x20 (size before relaxing)
 .literal.esp_rom_spiflash_erase_sector
                0x0000000040080cf4        0x0 /home/z/esp/winmas/WROOM/clientsim/build/spi_flash/libspi_flash.a(spi_flash_rom_patch.o)
                                         0x20 (size before relaxing)
 .literal.esp_rom_spiflash_write
                0x0000000040080cf4        0x0 /home/z/esp/winmas/WROOM/clientsim/build/spi_flash/libspi_flash.a(spi_flash_rom_patch.o)
                                         0x28 (size before relaxing)
 .literal.esp_rom_spiflash_write_encrypted
                0x0000000040080cf4        0xc /home/z/esp/winmas/WROOM/clientsim/build/spi_flash/libspi_flash.a(spi_flash_rom_patch.o)
                                         0x10 (size before relaxing)
 .literal.esp_rom_spiflash_read
                0x0000000040080d00       0x30 /home/z/esp/winmas/WROOM/clientsim/build/spi_flash/libspi_flash.a(spi_flash_rom_patch.o)
                                         0x5c (size before relaxing)
 .literal       0x0000000040080d30       0x10 /home/z/esp/esp-idf/components/newlib/lib/libm.a(lib_a-s_fpclassify.o)
                                         0x18 (size before relaxing)
 .iram1         0x0000000040080d40      0x29e /home/z/esp/winmas/WROOM/clientsim/build/esp32/libesp32.a(cpu_start.o)
                                        0x35e (size before relaxing)
                0x0000000040080d40                start_cpu0
                0x0000000040080d40                start_cpu0_default
                0x0000000040080e10                start_cpu1_default
                0x0000000040080e10                start_cpu1
                0x0000000040080e8c                call_start_cpu0
 *fill*         0x0000000040080fde        0x2 
 .iram1         0x0000000040080fe0       0x37 /home/z/esp/winmas/WROOM/clientsim/build/esp32/libesp32.a(clk.o)
                0x0000000040080fe0                esp_clk_cpu_freq
                0x0000000040080ff0                esp_clk_apb_freq
                0x0000000040081008                ets_update_cpu_frequency
 *fill*         0x0000000040081017        0x1 
 .iram1         0x0000000040081018       0xb0 /home/z/esp/winmas/WROOM/clientsim/build/esp32/libesp32.a(crosscore_int.o)
                                         0xc0 (size before relaxing)
                0x00000000400810b0                esp_crosscore_int_send_yield
                0x00000000400810bc                esp_crosscore_int_send_freq_switch
 .iram1         0x00000000400810c8       0x3a /home/z/esp/winmas/WROOM/clientsim/build/esp32/libesp32.a(cache_err_int.o)
                                         0x4a (size before relaxing)
                0x00000000400810c8                esp_cache_err_get_cpuid
 *fill*         0x0000000040081102        0x2 
 .iram1         0x0000000040081104       0x7f /home/z/esp/winmas/WROOM/clientsim/build/esp32/libesp32.a(ipc.o)
                                         0x8b (size before relaxing)
 *fill*         0x0000000040081183        0x1 
 .iram1         0x0000000040081184      0x2b6 /home/z/esp/winmas/WROOM/clientsim/build/esp32/libesp32.a(intr_alloc.o)
                                        0x2ce (size before relaxing)
                0x00000000400811c0                esp_intr_set_in_iram
                0x0000000040081248                esp_intr_enable
                0x00000000400812d0                esp_intr_disable
                0x0000000040081398                esp_intr_noniram_disable
                0x00000000400813e4                esp_intr_noniram_enable
                0x0000000040081424                ets_isr_unmask
                0x0000000040081430                ets_isr_mask
 *fill*         0x000000004008143a        0x2 
 .iram1         0x000000004008143c       0x53 /home/z/esp/winmas/WROOM/clientsim/build/esp32/libesp32.a(int_wdt.o)
 *fill*         0x000000004008148f        0x1 
 .iram1         0x0000000040081490      0x205 /home/z/esp/winmas/WROOM/clientsim/build/esp32/libesp32.a(esp_timer.o)
                                        0x219 (size before relaxing)
                0x00000000400815ac                esp_timer_stop
                0x00000000400815d0                esp_timer_get_next_alarm
                0x00000000400815f0                esp_timer_get_time
                0x0000000040081600                esp_timer_start_once
                0x0000000040081644                esp_timer_start_periodic
 *fill*         0x0000000040081695        0x3 
 .iram1         0x0000000040081698      0x197 /home/z/esp/winmas/WROOM/clientsim/build/esp32/libesp32.a(dport_access.o)
                                        0x1a3 (size before relaxing)
                0x0000000040081698                esp_dport_access_stall_other_cpu_start
                0x0000000040081748                esp_dport_access_stall_other_cpu_end
                0x00000000400817c4                esp_dport_access_stall_other_cpu_start_wrap
                0x00000000400817cc                esp_dport_access_stall_other_cpu_end_wrap
                0x00000000400817d4                esp_dport_access_int_pause
                0x00000000400817f8                esp_dport_access_int_abort
                0x000000004008180c                esp_dport_access_int_resume
 *fill*         0x000000004008182f        0x1 
 .iram1         0x0000000040081830       0xda /home/z/esp/winmas/WROOM/clientsim/build/esp32/libesp32.a(dport_panic_highint_hdl.o)
                0x0000000040081830                xt_highint4
                0x000000004008190a                ld_include_panic_highint_hdl
 *fill*         0x000000004008190a        0x2 
 .iram1         0x000000004008190c      0x1ed /home/z/esp/winmas/WROOM/clientsim/build/esp32/libesp32.a(system_api.o)
                                        0x22c (size before relaxing)
                0x0000000040081984                esp_restart_noos
                0x0000000040081ad8                esp_restart
                0x0000000040081ad8                system_restart
 *fill*         0x0000000040081af9        0x3 
 .iram1         0x0000000040081afc      0x567 /home/z/esp/winmas/WROOM/clientsim/build/esp32/libesp32.a(esp_timer_esp32.o)
                                        0x577 (size before relaxing)
                0x0000000040081c20                esp_timer_impl_get_time
                0x0000000040081d90                esp_timer_impl_set_alarm
                0x0000000040081f94                esp_timer_impl_update_apb_freq
                0x0000000040082058                esp_timer_impl_get_min_period_us
 *fill*         0x0000000040082063        0x1 
 .iram1         0x0000000040082064       0x27 /home/z/esp/winmas/WROOM/clientsim/build/esp32/libesp32.a(freertos_hooks.o)
                0x0000000040082064                esp_vApplicationTickHook
 *fill*         0x000000004008208b        0x1 
 .iram1         0x000000004008208c       0x1a /home/z/esp/winmas/WROOM/clientsim/build/freertos/libfreertos.a(port.o)
                0x000000004008208c                xPortInterruptedFromISRContext
 *fill*         0x00000000400820a6        0x2 
 .iram1         0x00000000400820a8      0x4b4 /home/z/esp/winmas/WROOM/clientsim/build/freertos/libfreertos.a(xtensa_vectors.o)
                0x00000000400820a8                _xt_panic
                0x00000000400821c0                _xt_user_exit
                0x00000000400824ac                _xt_medint2_exit
                0x0000000040082548                _xt_medint3_exit
 .iram1         0x000000004008255c      0x3dd /home/z/esp/winmas/WROOM/clientsim/build/heap/libheap.a(heap_caps.o)
                                        0x3f5 (size before relaxing)
                0x00000000400825ec                heap_caps_malloc
                0x0000000040082688                heap_caps_malloc_default
                0x00000000400826cc                heap_caps_malloc_prefer
                0x0000000040082724                heap_caps_free
                0x000000004008275c                heap_caps_realloc
                0x0000000040082808                heap_caps_realloc_default
                0x0000000040082860                heap_caps_realloc_prefer
                0x00000000400828c4                heap_caps_calloc
                0x00000000400828e4                heap_caps_calloc_prefer
 *fill*         0x0000000040082939        0x3 
 .iram1         0x000000004008293c      0x18a /home/z/esp/winmas/WROOM/clientsim/build/log/liblog.a(log.o)
                                        0x19a (size before relaxing)
                0x000000004008293c                esp_log_write
                0x0000000040082a6c                esp_log_early_timestamp
                0x0000000040082a88                esp_log_timestamp
 *fill*         0x0000000040082ac6        0x2 
 .iram1         0x0000000040082ac8       0x6c /home/z/esp/winmas/WROOM/clientsim/build/newlib/libnewlib.a(time.o)
                                         0x74 (size before relaxing)
                0x0000000040082ac8                _gettimeofday_r
                0x0000000040082b0c                _times_r
 .iram1         0x0000000040082b34       0x4a /home/z/esp/winmas/WROOM/clientsim/build/newlib/libnewlib.a(syscalls.o)
                                         0x52 (size before relaxing)
                0x0000000040082b34                _malloc_r
                0x0000000040082b40                _free_r
                0x0000000040082b4c                _realloc_r
                0x0000000040082b60                _calloc_r
 *fill*         0x0000000040082b7e        0x2 
 .iram1         0x0000000040082b80       0x3c /home/z/esp/winmas/WROOM/clientsim/build/newlib/libnewlib.a(reent_init.o)
                0x0000000040082b80                esp_reent_init
 .iram1         0x0000000040082bbc      0x1cc /home/z/esp/winmas/WROOM/clientsim/build/newlib/libnewlib.a(locks.o)
                                        0x210 (size before relaxing)
                0x0000000040082cd4                _lock_init
                0x0000000040082ce4                _lock_init_recursive
                0x0000000040082cf4                _lock_close
                0x0000000040082d30                _lock_acquire
                0x0000000040082d40                _lock_acquire_recursive
                0x0000000040082d50                _lock_try_acquire
                0x0000000040082d60                _lock_try_acquire_recursive
                0x0000000040082d70                _lock_release
                0x0000000040082d7c                _lock_release_recursive
 .iram1         0x0000000040082d88      0x11a /home/z/esp/winmas/WROOM/clientsim/build/soc/libsoc.a(cpu_util.o)
                0x0000000040082d88                esp_cpu_stall
                0x0000000040082e1c                esp_cpu_unstall
                0x0000000040082e70                esp_cpu_reset
                0x0000000040082e94                esp_cpu_in_ocd_debug_mode
 *fill*         0x0000000040082ea2        0x2 
 .iram1         0x0000000040082ea4      0x334 /home/z/esp/winmas/WROOM/clientsim/build/spi_flash/libspi_flash.a(cache_utils.o)
                                        0x39c (size before relaxing)
                0x0000000040082f20                spi_flash_op_block_func
                0x0000000040082ff8                spi_flash_disable_interrupts_caches_and_other_cpu
                0x00000000400830c4                spi_flash_enable_interrupts_caches_and_other_cpu
                0x000000004008315c                spi_flash_disable_interrupts_caches_and_other_cpu_no_os
                0x0000000040083188                spi_flash_enable_interrupts_caches_no_os
                0x00000000400831a4                spi_flash_cache_enabled
 .iram1         0x00000000400831d8      0x722 /home/z/esp/winmas/WROOM/clientsim/build/spi_flash/libspi_flash.a(flash_ops.o)
                                        0x74a (size before relaxing)
                0x0000000040083248                spi_flash_guard_set
                0x0000000040083254                spi_flash_guard_get
                0x0000000040083260                spi_flash_get_chip_size
                0x000000004008326c                spi_flash_erase_range
                0x0000000040083324                spi_flash_erase_sector
                0x0000000040083348                spi_flash_write
                0x0000000040083510                spi_flash_read
                0x00000000400837a8                spi_flash_read_encrypted
                0x00000000400837f0                spi_flash_write_encrypted
 *fill*         0x00000000400838fa        0x2 
 .iram1         0x00000000400838fc      0x49a /home/z/esp/winmas/WROOM/clientsim/build/spi_flash/libspi_flash.a(flash_mmap.o)
                                        0x4ce (size before relaxing)
                0x0000000040083a24                spi_flash_mmap_pages
                0x0000000040083c30                spi_flash_mmap
                0x0000000040083ca0                spi_flash_munmap
                0x0000000040083d4c                spi_flash_mark_modified_region
 *fill*         0x0000000040083d96        0x0 
 *fill*         0x0000000040083d96        0x0 
 *fill*         0x0000000040083d96        0x0 
 *fill*         0x0000000040083d96        0x0 
 *fill*         0x0000000040083d96        0x0 
 *fill*         0x0000000040083d96        0x0 
 *fill*         0x0000000040083d96        0x0 
 *fill*         0x0000000040083d96        0x0 
 *fill*         0x0000000040083d96        0x0 
 *fill*         0x0000000040083d96        0x0 
 *fill*         0x0000000040083d96        0x0 
 *fill*         0x0000000040083d96        0x2 
 .iram1         0x0000000040083d98       0x2e /home/z/esp/winmas/WROOM/clientsim/build/freertos/libfreertos.a(xtensa_vector_defaults.o)
                0x0000000040083d98                xt_debugexception
                0x0000000040083db8                xt_highint5
                0x0000000040083dc0                _xt_nmi
                0x0000000040083dc0                xt_nmi
 *fill*         0x0000000040083dc6        0x0 
 *fill*         0x0000000040083dc6        0x0 
 *fill*         0x0000000040083dc6        0x0 
 *fill*         0x0000000040083dc6        0x0 
 *fill*         0x0000000040083dc6        0x0 
 *fill*         0x0000000040083dc6        0x0 
 *libfreertos.a:(.literal .text .literal.* .text.*)
 *fill*         0x0000000040083dc6        0x2 
 .text.xt_unhandled_interrupt
                0x0000000040083dc8       0x16 /home/z/esp/winmas/WROOM/clientsim/build/freertos/libfreertos.a(xtensa_intr.o)
                0x0000000040083dc8                xt_unhandled_interrupt
 *fill*         0x0000000040083dde        0x2 
 .text.xt_set_interrupt_handler
                0x0000000040083de0       0x46 /home/z/esp/winmas/WROOM/clientsim/build/freertos/libfreertos.a(xtensa_intr.o)
                0x0000000040083de0                xt_set_interrupt_handler
 *fill*         0x0000000040083e26        0x2 
 .text.prvIsQueueFull
                0x0000000040083e28       0x2a /home/z/esp/winmas/WROOM/clientsim/build/freertos/libfreertos.a(queue.o)
 *fill*         0x0000000040083e52        0x2 
 .text.prvCopyDataToQueue
                0x0000000040083e54       0x9e /home/z/esp/winmas/WROOM/clientsim/build/freertos/libfreertos.a(queue.o)
 *fill*         0x0000000040083ef2        0x2 
 .text.prvNotifyQueueSetContainer
                0x0000000040083ef4       0x6a /home/z/esp/winmas/WROOM/clientsim/build/freertos/libfreertos.a(queue.o)
                                         0x76 (size before relaxing)
 *fill*         0x0000000040083f5e        0x2 
 .text.prvCopyDataFromQueue
                0x0000000040083f60       0x24 /home/z/esp/winmas/WROOM/clientsim/build/freertos/libfreertos.a(queue.o)
 .text.xQueueGenericReset
                0x0000000040083f84       0x86 /home/z/esp/winmas/WROOM/clientsim/build/freertos/libfreertos.a(queue.o)
                                         0x96 (size before relaxing)
                0x0000000040083f84                xQueueGenericReset
 *fill*         0x000000004008400a        0x2 
 .text.prvInitialiseNewQueue
                0x000000004008400c       0x1f /home/z/esp/winmas/WROOM/clientsim/build/freertos/libfreertos.a(queue.o)
                                         0x23 (size before relaxing)
 *fill*         0x000000004008402b        0x1 
 .text.xQueueGenericCreate
                0x000000004008402c       0x49 /home/z/esp/winmas/WROOM/clientsim/build/freertos/libfreertos.a(queue.o)
                                         0x4d (size before relaxing)
                0x000000004008402c                xQueueGenericCreate
 *fill*         0x0000000040084075        0x3 
 .text.xQueueGetMutexHolder
                0x0000000040084078       0x23 /home/z/esp/winmas/WROOM/clientsim/build/freertos/libfreertos.a(queue.o)
                0x0000000040084078                xQueueGetMutexHolder
 *fill*         0x000000004008409b        0x1 
 .text.xQueueCreateCountingSemaphore
                0x000000004008409c       0x66 /home/z/esp/winmas/WROOM/clientsim/build/freertos/libfreertos.a(queue.o)
                                         0x6a (size before relaxing)
                0x000000004008409c                xQueueCreateCountingSemaphore
 *fill*         0x0000000040084102        0x2 
 .text.xQueueGenericSend
                0x0000000040084104      0x158 /home/z/esp/winmas/WROOM/clientsim/build/freertos/libfreertos.a(queue.o)
                                        0x18c (size before relaxing)
                0x0000000040084104                xQueueGenericSend
 .text.prvInitialiseMutex
                0x000000004008425c       0x22 /home/z/esp/winmas/WROOM/clientsim/build/freertos/libfreertos.a(queue.o)
                                         0x26 (size before relaxing)
 *fill*         0x000000004008427e        0x2 
 .text.xQueueCreateMutex
                0x0000000040084280       0x16 /home/z/esp/winmas/WROOM/clientsim/build/freertos/libfreertos.a(queue.o)
                                         0x1a (size before relaxing)
                0x0000000040084280                xQueueCreateMutex
 *fill*         0x0000000040084296        0x2 
 .text.xQueueGiveMutexRecursive
                0x0000000040084298       0x48 /home/z/esp/winmas/WROOM/clientsim/build/freertos/libfreertos.a(queue.o)
                                         0x4c (size before relaxing)
                0x0000000040084298                xQueueGiveMutexRecursive
 .text.xQueueGenericSendFromISR
                0x00000000400842e0       0xd6 /home/z/esp/winmas/WROOM/clientsim/build/freertos/libfreertos.a(queue.o)
                                         0xe6 (size before relaxing)
                0x00000000400842e0                xQueueGenericSendFromISR
 *fill*         0x00000000400843b6        0x2 
 .text.xQueueGiveFromISR
                0x00000000400843b8       0xb6 /home/z/esp/winmas/WROOM/clientsim/build/freertos/libfreertos.a(queue.o)
                                         0xc2 (size before relaxing)
                0x00000000400843b8                xQueueGiveFromISR
 *fill*         0x000000004008446e        0x2 
 .text.xQueueGenericReceive
                0x0000000040084470      0x144 /home/z/esp/winmas/WROOM/clientsim/build/freertos/libfreertos.a(queue.o)
                                        0x178 (size before relaxing)
                0x0000000040084470                xQueueGenericReceive
 .text.xQueueTakeMutexRecursive
                0x00000000400845b4       0x51 /home/z/esp/winmas/WROOM/clientsim/build/freertos/libfreertos.a(queue.o)
                0x00000000400845b4                xQueueTakeMutexRecursive
 *fill*         0x0000000040084605        0x3 
 .text.xQueueReceiveFromISR
                0x0000000040084608       0x96 /home/z/esp/winmas/WROOM/clientsim/build/freertos/libfreertos.a(queue.o)
                                         0xa6 (size before relaxing)
                0x0000000040084608                xQueueReceiveFromISR
 *fill*         0x000000004008469e        0x2 
 .text.vQueueDelete
                0x00000000400846a0       0x28 /home/z/esp/winmas/WROOM/clientsim/build/freertos/libfreertos.a(queue.o)
                0x00000000400846a0                vQueueDelete
 .text.vQueueWaitForMessageRestricted
                0x00000000400846c8       0x23 /home/z/esp/winmas/WROOM/clientsim/build/freertos/libfreertos.a(queue.o)
                                         0x2a (size before relaxing)
                0x00000000400846c8                vQueueWaitForMessageRestricted
 *fill*         0x00000000400846eb        0x1 
 .text.pxPortInitialiseStack
                0x00000000400846ec       0x86 /home/z/esp/winmas/WROOM/clientsim/build/freertos/libfreertos.a(port.o)
                0x00000000400846ec                pxPortInitialiseStack
 *fill*         0x0000000040084772        0x2 
 .text.xPortStartScheduler
                0x0000000040084774       0x22 /home/z/esp/winmas/WROOM/clientsim/build/freertos/libfreertos.a(port.o)
                                         0x2e (size before relaxing)
                0x0000000040084774                xPortStartScheduler
 *fill*         0x0000000040084796        0x2 
 .text.xPortSysTickHandler
                0x0000000040084798       0x10 /home/z/esp/winmas/WROOM/clientsim/build/freertos/libfreertos.a(port.o)
                                         0x16 (size before relaxing)
                0x0000000040084798                xPortSysTickHandler
 *fill*         0x00000000400847a8        0x0 
 .text.vPortYieldOtherCore
                0x00000000400847a8        0xa /home/z/esp/winmas/WROOM/clientsim/build/freertos/libfreertos.a(port.o)
                                          0xe (size before relaxing)
                0x00000000400847a8                vPortYieldOtherCore
 *fill*         0x00000000400847b2        0x2 
 .text.vPortReleaseTaskMPUSettings
                0x00000000400847b4        0xa /home/z/esp/winmas/WROOM/clientsim/build/freertos/libfreertos.a(port.o)
                                          0xe (size before relaxing)
                0x00000000400847b4                vPortReleaseTaskMPUSettings
 *fill*         0x00000000400847be        0x2 
 .text.xPortInIsrContext
                0x00000000400847c0       0x26 /home/z/esp/winmas/WROOM/clientsim/build/freertos/libfreertos.a(port.o)
                0x00000000400847c0                xPortInIsrContext
 *fill*         0x00000000400847e6        0x2 
 .text.vPortCPUInitializeMutex
                0x00000000400847e8        0xe /home/z/esp/winmas/WROOM/clientsim/build/freertos/libfreertos.a(port.o)
                0x00000000400847e8                vPortCPUInitializeMutex
 *fill*         0x00000000400847f6        0x2 
 .text.vPortCPUAcquireMutex
                0x00000000400847f8       0x81 /home/z/esp/winmas/WROOM/clientsim/build/freertos/libfreertos.a(port.o)
                                         0x88 (size before relaxing)
                0x00000000400847f8                vPortCPUAcquireMutex
 *fill*         0x0000000040084879        0x3 
 .text.vPortCPUReleaseMutex
                0x000000004008487c       0x59 /home/z/esp/winmas/WROOM/clientsim/build/freertos/libfreertos.a(port.o)
                                         0x61 (size before relaxing)
                0x000000004008487c                vPortCPUReleaseMutex
 *fill*         0x00000000400848d5        0x3 
 .text.prvResetNextTaskUnblockTime
                0x00000000400848d8       0x34 /home/z/esp/winmas/WROOM/clientsim/build/freertos/libfreertos.a(tasks.o)
 .text.prvDeleteTLS
                0x000000004008490c       0x40 /home/z/esp/winmas/WROOM/clientsim/build/freertos/libfreertos.a(tasks.o)
 .text.prvInitialiseNewTask
                0x000000004008494c       0xc4 /home/z/esp/winmas/WROOM/clientsim/build/freertos/libfreertos.a(tasks.o)
                                         0xd0 (size before relaxing)
 .text.prvInitialiseTaskLists
                0x0000000040084a10       0x5a /home/z/esp/winmas/WROOM/clientsim/build/freertos/libfreertos.a(tasks.o)
                                         0x6e (size before relaxing)
 *fill*         0x0000000040084a6a        0x2 
 .text.prvDeleteTCB
                0x0000000040084a6c       0x56 /home/z/esp/winmas/WROOM/clientsim/build/freertos/libfreertos.a(tasks.o)
                                         0x5d (size before relaxing)
 *fill*         0x0000000040084ac2        0x2 
 .text.prvAddCurrentTaskToDelayedList
                0x0000000040084ac4       0x66 /home/z/esp/winmas/WROOM/clientsim/build/freertos/libfreertos.a(tasks.o)
                                         0x6a (size before relaxing)
 *fill*         0x0000000040084b2a        0x2 
 .text.taskYIELD_OTHER_CORE
                0x0000000040084b2c       0x53 /home/z/esp/winmas/WROOM/clientsim/build/freertos/libfreertos.a(tasks.o)
                0x0000000040084b2c                taskYIELD_OTHER_CORE
 *fill*         0x0000000040084b7f        0x1 
 .text.vTaskSuspendAll
                0x0000000040084b80       0x26 /home/z/esp/winmas/WROOM/clientsim/build/freertos/libfreertos.a(tasks.o)
                0x0000000040084b80                vTaskSuspendAll
 *fill*         0x0000000040084ba6        0x2 
 .text.xTaskGetIdleTaskHandleForCPU
                0x0000000040084ba8       0x2a /home/z/esp/winmas/WROOM/clientsim/build/freertos/libfreertos.a(tasks.o)
                                         0x2e (size before relaxing)
                0x0000000040084ba8                xTaskGetIdleTaskHandleForCPU
 *fill*         0x0000000040084bd2        0x2 
 .text.vTaskSwitchContext
                0x0000000040084bd4      0x27e /home/z/esp/winmas/WROOM/clientsim/build/freertos/libfreertos.a(tasks.o)
                                        0x28a (size before relaxing)
                0x0000000040084bd4                vTaskSwitchContext
 *fill*         0x0000000040084e52        0x2 
 .text.vTaskSetTimeOutState
                0x0000000040084e54       0x34 /home/z/esp/winmas/WROOM/clientsim/build/freertos/libfreertos.a(tasks.o)
                0x0000000040084e54                vTaskSetTimeOutState
 .text.xTaskGetCurrentTaskHandle
                0x0000000040084e88       0x1f /home/z/esp/winmas/WROOM/clientsim/build/freertos/libfreertos.a(tasks.o)
                0x0000000040084e88                xTaskGetCurrentTaskHandle
 *fill*         0x0000000040084ea7        0x1 
 .text.__getreent
                0x0000000040084ea8       0x19 /home/z/esp/winmas/WROOM/clientsim/build/freertos/libfreertos.a(tasks.o)
                0x0000000040084ea8                __getreent
 *fill*         0x0000000040084ec1        0x3 
 .text.pcTaskGetTaskName
                0x0000000040084ec4       0x2a /home/z/esp/winmas/WROOM/clientsim/build/freertos/libfreertos.a(tasks.o)
                                         0x2d (size before relaxing)
                0x0000000040084ec4                pcTaskGetTaskName
 *fill*         0x0000000040084eee        0x2 
 .text.xTaskGetAffinity
                0x0000000040084ef0       0x10 /home/z/esp/winmas/WROOM/clientsim/build/freertos/libfreertos.a(tasks.o)
                                         0x13 (size before relaxing)
                0x0000000040084ef0                xTaskGetAffinity
 *fill*         0x0000000040084f00        0x0 
 .text.xTaskGetCurrentTaskHandleForCPU
                0x0000000040084f00       0x18 /home/z/esp/winmas/WROOM/clientsim/build/freertos/libfreertos.a(tasks.o)
                0x0000000040084f00                xTaskGetCurrentTaskHandleForCPU
 .text.xTaskGetSchedulerState
                0x0000000040084f18       0x37 /home/z/esp/winmas/WROOM/clientsim/build/freertos/libfreertos.a(tasks.o)
                0x0000000040084f18                xTaskGetSchedulerState
 *fill*         0x0000000040084f4f        0x1 
 .text.vTaskEnterCritical
                0x0000000040084f50       0xac /home/z/esp/winmas/WROOM/clientsim/build/freertos/libfreertos.a(tasks.o)
                                         0xb3 (size before relaxing)
                0x0000000040084f50                vTaskEnterCritical
 *fill*         0x0000000040084ffc        0x0 
 .text.vTaskExitCritical
                0x0000000040084ffc       0x83 /home/z/esp/winmas/WROOM/clientsim/build/freertos/libfreertos.a(tasks.o)
                                         0x8a (size before relaxing)
                0x0000000040084ffc                vTaskExitCritical
 *fill*         0x000000004008507f        0x1 
 .text.prvAddNewTaskToReadyList
                0x0000000040085080      0x15c /home/z/esp/winmas/WROOM/clientsim/build/freertos/libfreertos.a(tasks.o)
                                        0x173 (size before relaxing)
 *fill*         0x00000000400851dc        0x0 
 .text.xTaskCreatePinnedToCore
                0x00000000400851dc       0x6e /home/z/esp/winmas/WROOM/clientsim/build/freertos/libfreertos.a(tasks.o)
                                         0x76 (size before relaxing)
                0x00000000400851dc                xTaskCreatePinnedToCore
 *fill*         0x000000004008524a        0x2 
 .text.vTaskStartScheduler
                0x000000004008524c       0x67 /home/z/esp/winmas/WROOM/clientsim/build/freertos/libfreertos.a(tasks.o)
                                         0x72 (size before relaxing)
                0x000000004008524c                vTaskStartScheduler
 *fill*         0x00000000400852b3        0x1 
 .text.vTaskDelete
                0x00000000400852b4      0x10a /home/z/esp/winmas/WROOM/clientsim/build/freertos/libfreertos.a(tasks.o)
                                        0x122 (size before relaxing)
                0x00000000400852b4                vTaskDelete
 *fill*         0x00000000400853be        0x2 
 .text.vTaskDelay
                0x00000000400853c0       0x70 /home/z/esp/winmas/WROOM/clientsim/build/freertos/libfreertos.a(tasks.o)
                                         0x80 (size before relaxing)
                0x00000000400853c0                vTaskDelay
 .text.prvCheckTasksWaitingTermination
                0x0000000040085430       0xbe /home/z/esp/winmas/WROOM/clientsim/build/freertos/libfreertos.a(tasks.o)
                                         0xc6 (size before relaxing)
 *fill*         0x00000000400854ee        0x2 
 .text.prvIdleTask
                0x00000000400854f0        0xc /home/z/esp/winmas/WROOM/clientsim/build/freertos/libfreertos.a(tasks.o)
                                         0x12 (size before relaxing)
 *fill*         0x00000000400854fc        0x0 
 .text.xTaskGetTickCount
                0x00000000400854fc       0x1c /home/z/esp/winmas/WROOM/clientsim/build/freertos/libfreertos.a(tasks.o)
                                         0x20 (size before relaxing)
                0x00000000400854fc                xTaskGetTickCount
 .text.xTaskIncrementTick
                0x0000000040085518      0x1b2 /home/z/esp/winmas/WROOM/clientsim/build/freertos/libfreertos.a(tasks.o)
                                        0x1ce (size before relaxing)
                0x0000000040085518                xTaskIncrementTick
 *fill*         0x00000000400856ca        0x2 
 .text.xTaskResumeAll
                0x00000000400856cc      0x173 /home/z/esp/winmas/WROOM/clientsim/build/freertos/libfreertos.a(tasks.o)
                                        0x186 (size before relaxing)
                0x00000000400856cc                xTaskResumeAll
 *fill*         0x000000004008583f        0x1 
 .text.vTaskPlaceOnEventList
                0x0000000040085840       0x83 /home/z/esp/winmas/WROOM/clientsim/build/freertos/libfreertos.a(tasks.o)
                                         0x97 (size before relaxing)
                0x0000000040085840                vTaskPlaceOnEventList
 *fill*         0x00000000400858c3        0x1 
 .text.vTaskPlaceOnEventListRestricted
                0x00000000400858c4       0x5b /home/z/esp/winmas/WROOM/clientsim/build/freertos/libfreertos.a(tasks.o)
                                         0x6f (size before relaxing)
                0x00000000400858c4                vTaskPlaceOnEventListRestricted
 *fill*         0x000000004008591f        0x1 
 .text.xTaskRemoveFromEventList
                0x0000000040085920      0x134 /home/z/esp/winmas/WROOM/clientsim/build/freertos/libfreertos.a(tasks.o)
                                        0x143 (size before relaxing)
                0x0000000040085920                xTaskRemoveFromEventList
 *fill*         0x0000000040085a54        0x0 
 .text.xTaskCheckForTimeOut
                0x0000000040085a54       0x8b /home/z/esp/winmas/WROOM/clientsim/build/freertos/libfreertos.a(tasks.o)
                                         0x96 (size before relaxing)
                0x0000000040085a54                xTaskCheckForTimeOut
 *fill*         0x0000000040085adf        0x1 
 .text.vTaskPriorityInherit
                0x0000000040085ae0       0xc4 /home/z/esp/winmas/WROOM/clientsim/build/freertos/libfreertos.a(tasks.o)
                                         0xdb (size before relaxing)
                0x0000000040085ae0                vTaskPriorityInherit
 *fill*         0x0000000040085ba4        0x0 
 .text.xTaskPriorityDisinherit
                0x0000000040085ba4       0x97 /home/z/esp/winmas/WROOM/clientsim/build/freertos/libfreertos.a(tasks.o)
                                         0xaa (size before relaxing)
                0x0000000040085ba4                xTaskPriorityDisinherit
 *fill*         0x0000000040085c3b        0x1 
 .text.pvTaskIncrementMutexHeldCount
                0x0000000040085c3c       0x50 /home/z/esp/winmas/WROOM/clientsim/build/freertos/libfreertos.a(tasks.o)
                                         0x54 (size before relaxing)
                0x0000000040085c3c                pvTaskIncrementMutexHeldCount
 .text.prvGetNextExpireTime
                0x0000000040085c8c       0x20 /home/z/esp/winmas/WROOM/clientsim/build/freertos/libfreertos.a(timers.o)
 .text.prvInsertTimerInActiveList
                0x0000000040085cac       0x50 /home/z/esp/winmas/WROOM/clientsim/build/freertos/libfreertos.a(timers.o)
                                         0x54 (size before relaxing)
 .text.prvCheckForValidListAndQueue
                0x0000000040085cfc       0x66 /home/z/esp/winmas/WROOM/clientsim/build/freertos/libfreertos.a(timers.o)
                                         0x7e (size before relaxing)
 *fill*         0x0000000040085d62        0x2 
 .text.xTimerCreateTimerTask
                0x0000000040085d64       0x48 /home/z/esp/winmas/WROOM/clientsim/build/freertos/libfreertos.a(timers.o)
                                         0x4c (size before relaxing)
                0x0000000040085d64                xTimerCreateTimerTask
 .text.xTimerGenericCommand
                0x0000000040085dac       0x55 /home/z/esp/winmas/WROOM/clientsim/build/freertos/libfreertos.a(timers.o)
                                         0x5d (size before relaxing)
                0x0000000040085dac                xTimerGenericCommand
 *fill*         0x0000000040085e01        0x3 
 .text.prvSwitchTimerLists
                0x0000000040085e04       0x76 /home/z/esp/winmas/WROOM/clientsim/build/freertos/libfreertos.a(timers.o)
                                         0x82 (size before relaxing)
 *fill*         0x0000000040085e7a        0x2 
 .text.prvSampleTimeNow
                0x0000000040085e7c       0x2b /home/z/esp/winmas/WROOM/clientsim/build/freertos/libfreertos.a(timers.o)
                                         0x2f (size before relaxing)
 *fill*         0x0000000040085ea7        0x1 
 .text.prvProcessExpiredTimer
                0x0000000040085ea8       0x53 /home/z/esp/winmas/WROOM/clientsim/build/freertos/libfreertos.a(timers.o)
                                         0x5f (size before relaxing)
 *fill*         0x0000000040085efb        0x1 
 .text.prvProcessTimerOrBlockTask
                0x0000000040085efc       0x58 /home/z/esp/winmas/WROOM/clientsim/build/freertos/libfreertos.a(timers.o)
                                         0x6c (size before relaxing)
 .text.prvProcessReceivedCommands
                0x0000000040085f54       0xd6 /home/z/esp/winmas/WROOM/clientsim/build/freertos/libfreertos.a(timers.o)
                                         0xe6 (size before relaxing)
 *fill*         0x000000004008602a        0x2 
 .text.prvTimerTask
                0x000000004008602c       0x15 /home/z/esp/winmas/WROOM/clientsim/build/freertos/libfreertos.a(timers.o)
                                         0x1d (size before relaxing)
 *fill*         0x0000000040086041        0x3 
 .text          0x0000000040086044      0x12b /home/z/esp/winmas/WROOM/clientsim/build/freertos/libfreertos.a(xtensa_context.o)
                0x0000000040086044                _xt_context_save
                0x00000000400860ac                _xt_context_restore
                0x00000000400860f0                _xt_coproc_init
                0x0000000040086104                _xt_coproc_release
                0x0000000040086130                _xt_coproc_savecs
                0x0000000040086150                _xt_coproc_restorecs
 *fill*         0x000000004008616f        0x1 
 .text          0x0000000040086170      0x1d0 /home/z/esp/winmas/WROOM/clientsim/build/freertos/libfreertos.a(portasm.o)
                0x0000000040086170                _frxt_setup_switch
                0x0000000040086188                _frxt_int_enter
                0x00000000400861d0                _frxt_int_exit
                0x0000000040086220                _frxt_timer_int
                0x0000000040086248                _frxt_tick_timer_init
                0x0000000040086260                _frxt_dispatch
                0x00000000400862a8                vPortYield
                0x00000000400862f4                vPortYieldFromInt
                0x0000000040086314                _frxt_task_coproc_state
 .text._xt_tick_divisor_init
                0x0000000040086340       0x1c /home/z/esp/winmas/WROOM/clientsim/build/freertos/libfreertos.a(xtensa_init.o)
                                         0x1f (size before relaxing)
                0x0000000040086340                _xt_tick_divisor_init
 *fill*         0x000000004008635c        0x0 
 *fill*         0x000000004008635c        0x0 
 *fill*         0x000000004008635c        0x0 
 .text.prvIsQueueEmpty
                0x000000004008635c       0x12 /home/z/esp/winmas/WROOM/clientsim/build/freertos/libfreertos.a(queue.o)
 *fill*         0x000000004008636e        0x0 
 *fill*         0x000000004008636e        0x0 
 *fill*         0x000000004008636e        0x0 
 *fill*         0x000000004008636e        0x0 
 *fill*         0x000000004008636e        0x0 
 *fill*         0x000000004008636e        0x0 
 *fill*         0x000000004008636e        0x0 
 *fill*         0x000000004008636e        0x0 
 *fill*         0x000000004008636e        0x0 
 *fill*         0x000000004008636e        0x0 
 *fill*         0x000000004008636e        0x0 
 *fill*         0x000000004008636e        0x0 
 *fill*         0x000000004008636e        0x0 
 *fill*         0x000000004008636e        0x0 
 *fill*         0x000000004008636e        0x0 
 *fill*         0x000000004008636e        0x2 
 .text.vListInitialise
                0x0000000040086370       0x15 /home/z/esp/winmas/WROOM/clientsim/build/freertos/libfreertos.a(list.o)
                0x0000000040086370                vListInitialise
 *fill*         0x0000000040086385        0x3 
 .text.vListInitialiseItem
                0x0000000040086388        0x9 /home/z/esp/winmas/WROOM/clientsim/build/freertos/libfreertos.a(list.o)
                0x0000000040086388                vListInitialiseItem
 *fill*         0x0000000040086391        0x3 
 .text.vListInsertEnd
                0x0000000040086394       0x1b /home/z/esp/winmas/WROOM/clientsim/build/freertos/libfreertos.a(list.o)
                0x0000000040086394                vListInsertEnd
 *fill*         0x00000000400863af        0x1 
 .text.vListInsert
                0x00000000400863b0       0x2f /home/z/esp/winmas/WROOM/clientsim/build/freertos/libfreertos.a(list.o)
                0x00000000400863b0                vListInsert
 *fill*         0x00000000400863df        0x1 
 .text.uxListRemove
                0x00000000400863e0       0x26 /home/z/esp/winmas/WROOM/clientsim/build/freertos/libfreertos.a(list.o)
                0x00000000400863e0                uxListRemove
 *fill*         0x0000000040086406        0x0 
 *fill*         0x0000000040086406        0x0 
 *fill*         0x0000000040086406        0x0 
 *fill*         0x0000000040086406        0x0 
 *fill*         0x0000000040086406        0x2 
 .text.vPortStoreTaskMPUSettings
                0x0000000040086408       0x13 /home/z/esp/winmas/WROOM/clientsim/build/freertos/libfreertos.a(port.o)
                0x0000000040086408                vPortStoreTaskMPUSettings
 *fill*         0x000000004008641b        0x0 
 *fill*         0x000000004008641b        0x0 
 *fill*         0x000000004008641b        0x0 
 *fill*         0x000000004008641b        0x0 
 *fill*         0x000000004008641b        0x0 
 *fill*         0x000000004008641b        0x0 
 *fill*         0x000000004008641b        0x0 
 *fill*         0x000000004008641b        0x0 
 *fill*         0x000000004008641b        0x0 
 *fill*         0x000000004008641b        0x0 
 *fill*         0x000000004008641b        0x0 
 *fill*         0x000000004008641b        0x0 
 *fill*         0x000000004008641b        0x0 
 *fill*         0x000000004008641b        0x0 
 *fill*         0x000000004008641b        0x0 
 *fill*         0x000000004008641b        0x0 
 *fill*         0x000000004008641b        0x0 
 *fill*         0x000000004008641b        0x0 
 *fill*         0x000000004008641b        0x0 
 *fill*         0x000000004008641b        0x0 
 *fill*         0x000000004008641b        0x0 
 *fill*         0x000000004008641b        0x0 
 *fill*         0x000000004008641b        0x0 
 *fill*         0x000000004008641b        0x0 
 *fill*         0x000000004008641b        0x0 
 *fill*         0x000000004008641b        0x0 
 *fill*         0x000000004008641b        0x0 
 *fill*         0x000000004008641b        0x0 
 *fill*         0x000000004008641b        0x0 
 *fill*         0x000000004008641b        0x0 
 *fill*         0x000000004008641b        0x0 
 *fill*         0x000000004008641b        0x0 
 *fill*         0x000000004008641b        0x0 
 *fill*         0x000000004008641b        0x0 
 *fill*         0x000000004008641b        0x0 
 *fill*         0x000000004008641b        0x0 
 *fill*         0x000000004008641b        0x0 
 *fill*         0x000000004008641b        0x0 
 *fill*         0x000000004008641b        0x0 
 *fill*         0x000000004008641b        0x0 
 *fill*         0x000000004008641b        0x1 
 .text          0x000000004008641c       0x33 /home/z/esp/winmas/WROOM/clientsim/build/freertos/libfreertos.a(xtensa_intr_asm.o)
                0x000000004008641c                xt_ints_on
                0x0000000040086434                xt_ints_off
 *fill*         0x000000004008644f        0x0 
 *libheap.a:multi_heap.o(.literal .text .literal.* .text.*)
 *fill*         0x000000004008644f        0x1 
 .text.get_prev_free_block
                0x0000000040086450       0x68 /home/z/esp/winmas/WROOM/clientsim/build/heap/libheap.a(multi_heap.o)
                                         0x77 (size before relaxing)
 *fill*         0x00000000400864b8        0x0 
 .text.split_if_necessary
                0x00000000400864b8      0x138 /home/z/esp/winmas/WROOM/clientsim/build/heap/libheap.a(multi_heap.o)
                                        0x148 (size before relaxing)
 .text.assert_valid_block
                0x00000000400865f0       0xb0 /home/z/esp/winmas/WROOM/clientsim/build/heap/libheap.a(multi_heap.o)
                                         0xb4 (size before relaxing)
 .text.merge_adjacent
                0x00000000400866a0      0x12c /home/z/esp/winmas/WROOM/clientsim/build/heap/libheap.a(multi_heap.o)
                                        0x140 (size before relaxing)
 .text.multi_heap_get_allocated_size_impl
                0x00000000400867cc       0x38 /home/z/esp/winmas/WROOM/clientsim/build/heap/libheap.a(multi_heap.o)
                                         0x3c (size before relaxing)
                0x00000000400867cc                multi_heap_get_allocated_size
                0x00000000400867cc                multi_heap_get_allocated_size_impl
 .text.multi_heap_malloc_impl
                0x0000000040086804      0x110 /home/z/esp/winmas/WROOM/clientsim/build/heap/libheap.a(multi_heap.o)
                                        0x120 (size before relaxing)
                0x0000000040086804                multi_heap_malloc
                0x0000000040086804                multi_heap_malloc_impl
 .text.multi_heap_free_impl
                0x0000000040086914      0x130 /home/z/esp/winmas/WROOM/clientsim/build/heap/libheap.a(multi_heap.o)
                                        0x14c (size before relaxing)
                0x0000000040086914                multi_heap_free
                0x0000000040086914                multi_heap_free_impl
 .text.multi_heap_realloc_impl
                0x0000000040086a44      0x258 /home/z/esp/winmas/WROOM/clientsim/build/heap/libheap.a(multi_heap.o)
                                        0x274 (size before relaxing)
                0x0000000040086a44                multi_heap_realloc
                0x0000000040086a44                multi_heap_realloc_impl
 *fill*         0x0000000040086c9c        0x0 
 *fill*         0x0000000040086c9c        0x0 
 .text.multi_heap_register_impl
                0x0000000040086c9c       0x51 /home/z/esp/winmas/WROOM/clientsim/build/heap/libheap.a(multi_heap.o)
                0x0000000040086c9c                multi_heap_register_impl
                0x0000000040086c9c                multi_heap_register
 *fill*         0x0000000040086ced        0x3 
 .text.multi_heap_set_lock
                0x0000000040086cf0        0x7 /home/z/esp/winmas/WROOM/clientsim/build/heap/libheap.a(multi_heap.o)
                0x0000000040086cf0                multi_heap_set_lock
 *fill*         0x0000000040086cf7        0x0 
 *libheap.a:multi_heap_poisoning.o(.literal .text .literal.* .text.*)
 *libesp32.a:panic.o(.literal .text .literal.* .text.*)
 *fill*         0x0000000040086cf7        0x1 
 .text.panicPutChar
                0x0000000040086cf8       0x1e /home/z/esp/winmas/WROOM/clientsim/build/esp32/libesp32.a(panic.o)
 *fill*         0x0000000040086d16        0x2 
 .text.panicPutStr
                0x0000000040086d18       0x1a /home/z/esp/winmas/WROOM/clientsim/build/esp32/libesp32.a(panic.o)
 *fill*         0x0000000040086d32        0x2 
 .text.panicPutHex
                0x0000000040086d34       0x2c /home/z/esp/winmas/WROOM/clientsim/build/esp32/libesp32.a(panic.o)
                                         0x2f (size before relaxing)
 *fill*         0x0000000040086d60        0x0 
 .text.panicPutDec
                0x0000000040086d60       0x3c /home/z/esp/winmas/WROOM/clientsim/build/esp32/libesp32.a(panic.o)
                                         0x46 (size before relaxing)
 *fill*         0x0000000040086d9c        0x0 
 .text.reconfigureAllWdts
                0x0000000040086d9c       0xa8 /home/z/esp/winmas/WROOM/clientsim/build/esp32/libesp32.a(panic.o)
 .text.putEntry
                0x0000000040086e44       0x2b /home/z/esp/winmas/WROOM/clientsim/build/esp32/libesp32.a(panic.o)
                                         0x37 (size before relaxing)
 *fill*         0x0000000040086e6f        0x1 
 .text.doBacktrace
                0x0000000040086e70       0x71 /home/z/esp/winmas/WROOM/clientsim/build/esp32/libesp32.a(panic.o)
                                         0x78 (size before relaxing)
 *fill*         0x0000000040086ee1        0x3 
 .text.invoke_abort
                0x0000000040086ee4       0x1d /home/z/esp/winmas/WROOM/clientsim/build/esp32/libesp32.a(panic.o)
 *fill*         0x0000000040086f01        0x3 
 .text.haltOtherCore
                0x0000000040086f04       0x18 /home/z/esp/winmas/WROOM/clientsim/build/esp32/libesp32.a(panic.o)
 .text.esp_panic_wdt_start
                0x0000000040086f1c       0x84 /home/z/esp/winmas/WROOM/clientsim/build/esp32/libesp32.a(panic.o)
                                         0x88 (size before relaxing)
 .text.commonErrorHandler_dump
                0x0000000040086fa0       0xd6 /home/z/esp/winmas/WROOM/clientsim/build/esp32/libesp32.a(panic.o)
                                        0x116 (size before relaxing)
 *fill*         0x0000000040087076        0x2 
 .text.esp_panic_dig_reset
                0x0000000040087078       0x33 /home/z/esp/winmas/WROOM/clientsim/build/esp32/libesp32.a(panic.o)
                                         0x37 (size before relaxing)
 *fill*         0x00000000400870ab        0x1 
 .text.abort    0x00000000400870ac       0x2a /home/z/esp/winmas/WROOM/clientsim/build/esp32/libesp32.a(panic.o)
                                         0x2d (size before relaxing)
                0x00000000400870ac                abort
 *fill*         0x00000000400870d6        0x2 
 .text.vApplicationStackOverflowHook
                0x00000000400870d8       0x17 /home/z/esp/winmas/WROOM/clientsim/build/esp32/libesp32.a(panic.o)
                                         0x23 (size before relaxing)
                0x00000000400870d8                vApplicationStackOverflowHook
 *fill*         0x00000000400870ef        0x1 
 .text.esp_panic_wdt_stop
                0x00000000400870f0       0x44 /home/z/esp/winmas/WROOM/clientsim/build/esp32/libesp32.a(panic.o)
                0x00000000400870f0                esp_panic_wdt_stop
 .text.commonErrorHandler
                0x0000000040087134       0x44 /home/z/esp/winmas/WROOM/clientsim/build/esp32/libesp32.a(panic.o)
                                         0x56 (size before relaxing)
 *fill*         0x0000000040087178        0x0 
 .text.panicHandler